Component: Arm Compiler for Embedded 6.19 Tool: armlink [5e73cb00]

==============================================================================

Section Cross References

    main.o(.ARM.exidx.text.delay_ms) refers to main.o(.text.delay_ms) for [Anonymous Symbol]
    main.o(.text.motor_up) refers to main.o(.data.motor_dir) for motor_dir
    main.o(.text.motor_up) refers to gpio.o(i.GPIOPinWrite) for GPIOPinWrite
    main.o(.ARM.exidx.text.motor_up) refers to main.o(.text.motor_up) for [Anonymous Symbol]
    main.o(.text.motor_dn) refers to main.o(.data.motor_dir) for motor_dir
    main.o(.text.motor_dn) refers to gpio.o(i.GPIOPinWrite) for GPIOPinWrite
    main.o(.ARM.exidx.text.motor_dn) refers to main.o(.text.motor_dn) for [Anonymous Symbol]
    main.o(.text.motor_stp) refers to main.o(.data.motor_dir) for motor_dir
    main.o(.text.motor_stp) refers to gpio.o(i.GPIOPinWrite) for GPIOPinWrite
    main.o(.ARM.exidx.text.motor_stp) refers to main.o(.text.motor_stp) for [Anonymous Symbol]
    main.o(.text.B_Handeler) refers to gpio.o(i.GPIOIntStatus) for GPIOIntStatus
    main.o(.text.B_Handeler) refers to main.o(.text.delay_ms) for delay_ms
    main.o(.text.B_Handeler) refers to gpio.o(i.GPIOIntClear) for GPIOIntClear
    main.o(.text.B_Handeler) refers to gpio.o(i.GPIOPinRead) for GPIOPinRead
    main.o(.text.B_Handeler) refers to main.o(.bss.xSemaphore_driver_up_manu) for xSemaphore_driver_up_manu
    main.o(.text.B_Handeler) refers to queue.o(.text.xQueueGiveFromISR) for xQueueGiveFromISR
    main.o(.text.B_Handeler) refers to main.o(.bss.xSemaphore_driver_up_auto) for xSemaphore_driver_up_auto
    main.o(.text.B_Handeler) refers to main.o(.bss.xSemaphore_driver_dn_manu) for xSemaphore_driver_dn_manu
    main.o(.text.B_Handeler) refers to main.o(.bss.xSemaphore_driver_dn_auto) for xSemaphore_driver_dn_auto
    main.o(.text.B_Handeler) refers to main.o(.bss.xSemaphore_passen_up_manu) for xSemaphore_passen_up_manu
    main.o(.text.B_Handeler) refers to main.o(.bss.xSemaphore_passen_up_auto) for xSemaphore_passen_up_auto
    main.o(.text.B_Handeler) refers to main.o(.bss.xSemaphore_passen_dn_manu) for xSemaphore_passen_dn_manu
    main.o(.text.B_Handeler) refers to main.o(.bss.xSemaphore_passen_dn_auto) for xSemaphore_passen_dn_auto
    main.o(.ARM.exidx.text.B_Handeler) refers to main.o(.text.B_Handeler) for [Anonymous Symbol]
    main.o(.text.driver_up_auto) refers to main.o(.bss.xSemaphore_driver_up_auto) for xSemaphore_driver_up_auto
    main.o(.text.driver_up_auto) refers to queue.o(.text.xQueueSemaphoreTake) for xQueueSemaphoreTake
    main.o(.text.driver_up_auto) refers to main.o(.data.last_priority) for last_priority
    main.o(.text.driver_up_auto) refers to main.o(.data.motor_dir) for motor_dir
    main.o(.text.driver_up_auto) refers to main.o(.bss.xMutex_motor) for xMutex_motor
    main.o(.text.driver_up_auto) refers to gpio.o(i.GPIOPinRead) for GPIOPinRead
    main.o(.text.driver_up_auto) refers to main.o(.text.motor_up) for motor_up
    main.o(.text.driver_up_auto) refers to queue.o(.text.xQueueGenericSend) for xQueueGenericSend
    main.o(.text.driver_up_auto) refers to main.o(.bss.xSemaphore_emergency) for xSemaphore_emergency
    main.o(.ARM.exidx.text.driver_up_auto) refers to main.o(.text.driver_up_auto) for [Anonymous Symbol]
    main.o(.text.driver_up_manu) refers to main.o(.bss.xSemaphore_driver_up_manu) for xSemaphore_driver_up_manu
    main.o(.text.driver_up_manu) refers to queue.o(.text.xQueueSemaphoreTake) for xQueueSemaphoreTake
    main.o(.text.driver_up_manu) refers to main.o(.data.last_priority) for last_priority
    main.o(.text.driver_up_manu) refers to main.o(.data.motor_dir) for motor_dir
    main.o(.text.driver_up_manu) refers to main.o(.bss.xMutex_motor) for xMutex_motor
    main.o(.text.driver_up_manu) refers to gpio.o(i.GPIOPinRead) for GPIOPinRead
    main.o(.text.driver_up_manu) refers to main.o(.text.motor_up) for motor_up
    main.o(.text.driver_up_manu) refers to queue.o(.text.xQueueGenericSend) for xQueueGenericSend
    main.o(.text.driver_up_manu) refers to main.o(.bss.xSemaphore_emergency) for xSemaphore_emergency
    main.o(.ARM.exidx.text.driver_up_manu) refers to main.o(.text.driver_up_manu) for [Anonymous Symbol]
    main.o(.text.driver_dn_auto) refers to main.o(.bss.xSemaphore_driver_dn_auto) for xSemaphore_driver_dn_auto
    main.o(.text.driver_dn_auto) refers to queue.o(.text.xQueueSemaphoreTake) for xQueueSemaphoreTake
    main.o(.text.driver_dn_auto) refers to main.o(.data.last_priority) for last_priority
    main.o(.text.driver_dn_auto) refers to main.o(.data.motor_dir) for motor_dir
    main.o(.text.driver_dn_auto) refers to main.o(.bss.xMutex_motor) for xMutex_motor
    main.o(.text.driver_dn_auto) refers to gpio.o(i.GPIOPinRead) for GPIOPinRead
    main.o(.text.driver_dn_auto) refers to main.o(.text.motor_dn) for motor_dn
    main.o(.text.driver_dn_auto) refers to queue.o(.text.xQueueGenericSend) for xQueueGenericSend
[...]
    Removing tasks.o(.text.vTaskPlaceOnUnorderedEventList), (156 bytes).
    Removing tasks.o(.ARM.exidx.text.vTaskPlaceOnUnorderedEventList), (8 bytes).
    Removing tasks.o(.ARM.exidx.text.vTaskPlaceOnEventListRestricted), (8 bytes).
    Removing tasks.o(.ARM.exidx.text.xTaskRemoveFromEventList), (8 bytes).
    Removing tasks.o(.text.vTaskRemoveFromUnorderedEventList), (356 bytes).
    Removing tasks.o(.ARM.exidx.text.vTaskRemoveFromUnorderedEventList), (8 bytes).
    Removing tasks.o(.text.vTaskSetTimeOutState), (74 bytes).
    Removing tasks.o(.ARM.exidx.text.vTaskSetTimeOutState), (8 bytes).
    Removing tasks.o(.ARM.exidx.text.vTaskInternalSetTimeOutState), (8 bytes).
    Removing tasks.o(.ARM.exidx.text.xTaskCheckForTimeOut), (8 bytes).
    Removing tasks.o(.ARM.exidx.text.vTaskMissedYield), (8 bytes).
    Removing tasks.o(.text.xTaskGetCurrentTaskHandle), (20 bytes).
    Removing tasks.o(.ARM.exidx.text.xTaskGetCurrentTaskHandle), (8 bytes).
    Removing tasks.o(.ARM.exidx.text.xTaskGetSchedulerState), (8 bytes).
    Removing tasks.o(.ARM.exidx.text.xTaskPriorityInherit), (8 bytes).
    Removing tasks.o(.ARM.exidx.text.xTaskPriorityDisinherit), (8 bytes).
    Removing tasks.o(.ARM.exidx.text.vTaskPriorityDisinheritAfterTimeout), (8 bytes).
    Removing tasks.o(.text.uxTaskResetEventItemValue), (34 bytes).
    Removing tasks.o(.ARM.exidx.text.uxTaskResetEventItemValue), (8 bytes).
    Removing tasks.o(.ARM.exidx.text.pvTaskIncrementMutexHeldCount), (8 bytes).
    Removing tasks.o(.text.ulTaskGenericNotifyTake), (248 bytes).
    Removing tasks.o(.ARM.exidx.text.ulTaskGenericNotifyTake), (8 bytes).
    Removing tasks.o(.text.xTaskGenericNotifyWait), (280 bytes).
    Removing tasks.o(.ARM.exidx.text.xTaskGenericNotifyWait), (8 bytes).
    Removing tasks.o(.text.xTaskGenericNotify), (554 bytes).
    Removing tasks.o(.ARM.exidx.text.xTaskGenericNotify), (8 bytes).
    Removing tasks.o(.text.xTaskGenericNotifyFromISR), (668 bytes).
    Removing tasks.o(.ARM.exidx.text.xTaskGenericNotifyFromISR), (8 bytes).
    Removing tasks.o(.text.vTaskGenericNotifyGiveFromISR), (498 bytes).
    Removing tasks.o(.ARM.exidx.text.vTaskGenericNotifyGiveFromISR), (8 bytes).
    Removing tasks.o(.text.xTaskGenericNotifyStateClear), (120 bytes).
    Removing tasks.o(.ARM.exidx.text.xTaskGenericNotifyStateClear), (8 bytes).
    Removing tasks.o(.text.ulTaskGenericNotifyValueClear), (82 bytes).
    Removing tasks.o(.ARM.exidx.text.ulTaskGenericNotifyValueClear), (8 bytes).
    Removing tasks.o(.ARM.exidx.text.prvInitialiseTaskLists), (8 bytes).
    Removing tasks.o(.ARM.exidx.text.prvCheckTasksWaitingTermination), (8 bytes).
    Removing timers.o(.text), (0 bytes).
    Removing timers.o(.ARM.exidx.text.xTimerCreateTimerTask), (8 bytes).
    Removing timers.o(.ARM.exidx.text.prvCheckForValidListAndQueue), (8 bytes).
    Removing timers.o(.ARM.exidx.text.prvTimerTask), (8 bytes).
    Removing timers.o(.text.xTimerCreate), (74 bytes).
    Removing timers.o(.ARM.exidx.text.xTimerCreate), (8 bytes).
    Removing timers.o(.text.prvInitialiseNewTimer), (110 bytes).
    Removing timers.o(.ARM.exidx.text.prvInitialiseNewTimer), (8 bytes).
    Removing timers.o(.text.xTimerGenericCommand), (176 bytes).
    Removing timers.o(.ARM.exidx.text.xTimerGenericCommand), (8 bytes).
    Removing timers.o(.text.xTimerGetTimerDaemonTaskHandle), (52 bytes).
    Removing timers.o(.ARM.exidx.text.xTimerGetTimerDaemonTaskHandle), (8 bytes).
    Removing timers.o(.text.xTimerGetPeriod), (44 bytes).
    Removing timers.o(.ARM.exidx.text.xTimerGetPeriod), (8 bytes).
    Removing timers.o(.text.vTimerSetReloadMode), (90 bytes).
    Removing timers.o(.ARM.exidx.text.vTimerSetReloadMode), (8 bytes).
    Removing timers.o(.text.xTimerGetReloadMode), (78 bytes).
    Removing timers.o(.ARM.exidx.text.xTimerGetReloadMode), (8 bytes).
    Removing timers.o(.text.uxTimerGetReloadMode), (16 bytes).
    Removing timers.o(.ARM.exidx.text.uxTimerGetReloadMode), (8 bytes).
    Removing timers.o(.text.xTimerGetExpiryTime), (48 bytes).
    Removing timers.o(.ARM.exidx.text.xTimerGetExpiryTime), (8 bytes).
    Removing timers.o(.text.pcTimerGetName), (44 bytes).
    Removing timers.o(.ARM.exidx.text.pcTimerGetName), (8 bytes).
    Removing timers.o(.text.xTimerIsTimerActive), (76 bytes).
    Removing timers.o(.ARM.exidx.text.xTimerIsTimerActive), (8 bytes).
    Removing timers.o(.text.pvTimerGetTimerID), (58 bytes).
    Removing timers.o(.ARM.exidx.text.pvTimerGetTimerID), (8 bytes).
    Removing timers.o(.text.vTimerSetTimerID), (58 bytes).
    Removing timers.o(.ARM.exidx.text.vTimerSetTimerID), (8 bytes).
    Removing timers.o(.ARM.exidx.text.prvGetNextExpireTime), (8 bytes).
    Removing timers.o(.ARM.exidx.text.prvProcessTimerOrBlockTask), (8 bytes).
    Removing timers.o(.ARM.exidx.text.prvProcessReceivedCommands), (8 bytes).
    Removing timers.o(.ARM.exidx.text.prvSampleTimeNow), (8 bytes).
    Removing timers.o(.ARM.exidx.text.prvProcessExpiredTimer), (8 bytes).
    Removing timers.o(.ARM.exidx.text.prvSwitchTimerLists), (8 bytes).
    Removing timers.o(.ARM.exidx.text.prvReloadTimer), (8 bytes).
    Removing timers.o(.ARM.exidx.text.prvInsertTimerInActiveList), (8 bytes).
    Removing gpio.o(i.GPIOADCTriggerDisable), (14 bytes).
    Removing gpio.o(i.GPIOADCTriggerEnable), (12 bytes).
    Removing gpio.o(i.GPIODMATriggerDisable), (14 bytes).
    Removing gpio.o(i.GPIODMATriggerEnable), (12 bytes).
    Removing gpio.o(i.GPIODirModeGet), (34 bytes).
    Removing gpio.o(i.GPIOIntDisable), (14 bytes).
    Removing gpio.o(i.GPIOIntRegisterPin), (30 bytes).
    Removing gpio.o(i.GPIOIntTypeGet), (70 bytes).
    Removing gpio.o(i.GPIOIntUnregister), (22 bytes).
    Removing gpio.o(i.GPIOIntUnregisterPin), (26 bytes).
    Removing gpio.o(i.GPIOPadConfigGet), (248 bytes).
    Removing gpio.o(i.GPIOPinConfigure), (68 bytes).
    Removing gpio.o(i.GPIOPinTypeADC), (28 bytes).
    Removing gpio.o(i.GPIOPinTypeCAN), (28 bytes).
    Removing gpio.o(i.GPIOPinTypeComparator), (28 bytes).
    Removing gpio.o(i.GPIOPinTypeComparatorOutput), (28 bytes).
    Removing gpio.o(i.GPIOPinTypeDIVSCLK), (28 bytes).
    Removing gpio.o(i.GPIOPinTypeEPI), (28 bytes).
    Removing gpio.o(i.GPIOPinTypeEthernetLED), (28 bytes).
    Removing gpio.o(i.GPIOPinTypeEthernetMII), (28 bytes).
    Removing gpio.o(i.GPIOPinTypeGPIOOutputOD), (28 bytes).
    Removing gpio.o(i.GPIOPinTypeHibernateRTCCLK), (28 bytes).
    Removing gpio.o(i.GPIOPinTypeI2C), (28 bytes).
    Removing gpio.o(i.GPIOPinTypeI2CSCL), (28 bytes).
    Removing gpio.o(i.GPIOPinTypeLCD), (28 bytes).
    Removing gpio.o(i.GPIOPinTypeOneWire), (28 bytes).
    Removing gpio.o(i.GPIOPinTypePWM), (28 bytes).
    Removing gpio.o(i.GPIOPinTypeQEI), (28 bytes).
    Removing gpio.o(i.GPIOPinTypeSSI), (28 bytes).
    Removing gpio.o(i.GPIOPinTypeTimer), (28 bytes).
    Removing gpio.o(i.GPIOPinTypeTrace), (28 bytes).
    Removing gpio.o(i.GPIOPinTypeUART), (28 bytes).
    Removing gpio.o(i.GPIOPinTypeUSBAnalog), (28 bytes).
    Removing gpio.o(i.GPIOPinTypeUSBDigital), (28 bytes).
    Removing gpio.o(i.GPIOPinTypeWakeHigh), (30 bytes).
    Removing gpio.o(i.GPIOPinTypeWakeLow), (30 bytes).
    Removing gpio.o(i.GPIOPinWakeStatus), (6 bytes).
    Removing interrupt.o(i.IntDisable), (100 bytes).
    Removing interrupt.o(i.IntIsEnabled), (96 bytes).
    Removing interrupt.o(i.IntMasterDisable), (14 bytes).
    Removing interrupt.o(i.IntMasterEnable), (14 bytes).
    Removing interrupt.o(i.IntPendClear), (68 bytes).
    Removing interrupt.o(i.IntPendSet), (84 bytes).
    Removing interrupt.o(i.IntPriorityGet), (28 bytes).
    Removing interrupt.o(i.IntPriorityGroupingGet), (36 bytes).
    Removing interrupt.o(i.IntPriorityGroupingSet), (28 bytes).
    Removing interrupt.o(i.IntPriorityMaskGet), (4 bytes).
    Removing interrupt.o(i.IntPriorityMaskSet), (4 bytes).
    Removing interrupt.o(i.IntTrigger), (12 bytes).
    Removing interrupt.o(i.IntUnregister), (20 bytes).
    Removing interrupt.o(i._IntDefaultHandler), (2 bytes).
    Removing sysctl.o(.emb_text), (6 bytes).
    Removing sysctl.o(i.SysCtlAltClkConfig), (12 bytes).
    Removing sysctl.o(i.SysCtlClockFreqSet), (740 bytes).
    Removing sysctl.o(i.SysCtlClockGet), (340 bytes).
    Removing sysctl.o(i.SysCtlClockOutConfig), (20 bytes).
    Removing sysctl.o(i.SysCtlClockSet), (288 bytes).
    Removing sysctl.o(i.SysCtlDeepSleep), (32 bytes).
    Removing sysctl.o(i.SysCtlDeepSleepClockConfigSet), (112 bytes).
    Removing sysctl.o(i.SysCtlDeepSleepClockSet), (12 bytes).
    Removing sysctl.o(i.SysCtlDeepSleepPowerSet), (12 bytes).
    Removing sysctl.o(i.SysCtlFlashSectorSizeGet), (56 bytes).
    Removing sysctl.o(i.SysCtlFlashSizeGet), (56 bytes).
    Removing sysctl.o(i.SysCtlGPIOAHBDisable), (28 bytes).
    Removing sysctl.o(i.SysCtlGPIOAHBEnable), (24 bytes).
    Removing sysctl.o(i.SysCtlIntClear), (12 bytes).
    Removing sysctl.o(i.SysCtlIntDisable), (16 bytes).
    Removing sysctl.o(i.SysCtlIntEnable), (16 bytes).
    Removing sysctl.o(i.SysCtlIntRegister), (20 bytes).
    Removing sysctl.o(i.SysCtlIntStatus), (16 bytes).
    Removing sysctl.o(i.SysCtlIntUnregister), (18 bytes).
    Removing sysctl.o(i.SysCtlLDODeepSleepGet), (12 bytes).
    Removing sysctl.o(i.SysCtlLDODeepSleepSet), (12 bytes).
    Removing sysctl.o(i.SysCtlLDOSleepGet), (12 bytes).
    Removing sysctl.o(i.SysCtlLDOSleepSet), (12 bytes).
    Removing sysctl.o(i.SysCtlMOSCConfigSet), (12 bytes).
    Removing sysctl.o(i.SysCtlNMIClear), (16 bytes).
    Removing sysctl.o(i.SysCtlNMIStatus), (12 bytes).
    Removing sysctl.o(i.SysCtlPIOSCCalibrate), (76 bytes).
    Removing sysctl.o(i.SysCtlPWMClockGet), (24 bytes).
    Removing sysctl.o(i.SysCtlPWMClockSet), (20 bytes).
    Removing sysctl.o(i.SysCtlPeripheralClockGating), (68 bytes).
    Removing sysctl.o(i.SysCtlPeripheralDeepSleepDisable), (40 bytes).
    Removing sysctl.o(i.SysCtlPeripheralDeepSleepEnable), (40 bytes).
    Removing sysctl.o(i.SysCtlPeripheralDisable), (40 bytes).
    Removing sysctl.o(i.SysCtlPeripheralPowerOff), (40 bytes).
    Removing sysctl.o(i.SysCtlPeripheralPowerOn), (40 bytes).
    Removing sysctl.o(i.SysCtlPeripheralPresent), (44 bytes).
    Removing sysctl.o(i.SysCtlPeripheralReset), (60 bytes).
    Removing sysctl.o(i.SysCtlPeripheralSleepDisable), (40 bytes).
    Removing sysctl.o(i.SysCtlPeripheralSleepEnable), (40 bytes).
    Removing sysctl.o(i.SysCtlReset), (16 bytes).
    Removing sysctl.o(i.SysCtlResetBehaviorGet), (12 bytes).
    Removing sysctl.o(i.SysCtlResetBehaviorSet), (12 bytes).
    Removing sysctl.o(i.SysCtlResetCauseClear), (16 bytes).
    Removing sysctl.o(i.SysCtlResetCauseGet), (12 bytes).
    Removing sysctl.o(i.SysCtlSRAMSizeGet), (16 bytes).
    Removing sysctl.o(i.SysCtlSleep), (4 bytes).
    Removing sysctl.o(i.SysCtlSleepPowerSet), (12 bytes).
    Removing sysctl.o(i.SysCtlUSBPLLDisable), (16 bytes).
    Removing sysctl.o(i.SysCtlUSBPLLEnable), (16 bytes).
    Removing sysctl.o(i.SysCtlVCOGet), (120 bytes).
    Removing sysctl.o(i.SysCtlVoltageEventClear), (16 bytes).
    Removing sysctl.o(i.SysCtlVoltageEventConfig), (12 bytes).
    Removing sysctl.o(i.SysCtlVoltageEventStatus), (12 bytes).
    Removing sysctl.o(.constdata), (596 bytes).
    Removing cpu.o(.emb_text), (38 bytes).

338 unused section(s) (total 16492 bytes) removed from the image.

==============================================================================

Image Symbol Table

    Local Symbols

    Symbol Name                              Value     Ov Type        Size  Object(Section)

    ../clib/../cmprslib/zerorunl.c           0x00000000   Number         0  __dczerorl.o ABSOLUTE
    ../clib/microlib/init/entry.s            0x00000000   Number         0  entry.o ABSOLUTE
    ../clib/microlib/init/entry.s            0x00000000   Number         0  entry2.o ABSOLUTE
    ../clib/microlib/init/entry.s            0x00000000   Number         0  entry5.o ABSOLUTE
    ../clib/microlib/init/entry.s            0x00000000   Number         0  entry7a.o ABSOLUTE
    ../clib/microlib/init/entry.s            0x00000000   Number         0  entry7b.o ABSOLUTE
    ../clib/microlib/init/entry.s            0x00000000   Number         0  entry8a.o ABSOLUTE
    ../clib/microlib/init/entry.s            0x00000000   Number         0  entry8b.o ABSOLUTE
    ../clib/microlib/init/entry.s            0x00000000   Number         0  entry9a.o ABSOLUTE
    ../clib/microlib/init/entry.s            0x00000000   Number         0  entry9b.o ABSOLUTE
    ../clib/microlib/init/entry.s            0x00000000   Number         0  entry10a.o ABSOLUTE
    ../clib/microlib/init/entry.s            0x00000000   Number         0  entry10b.o ABSOLUTE
    ../clib/microlib/init/entry.s            0x00000000   Number         0  entry11a.o ABSOLUTE
    ../clib/microlib/init/entry.s            0x00000000   Number         0  entry11b.o ABSOLUTE
    ../clib/microlib/string/memcpy.c         0x00000000   Number         0  memcpya.o ABSOLUTE
    ../clib/microlib/string/memcpy.c         0x00000000   Number         0  memcpyb.o ABSOLUTE
    ../clib/microlib/string/memset.c         0x00000000   Number         0  memseta.o ABSOLUTE
    RTE/Device/TM4C123GH6PM/startup_TM4C123.s 0x00000000   Number         0  startup_tm4c123.o ABSOLUTE
    cpu.c                                    0x00000000   Number         0  cpu.o ABSOLUTE
    cpu.c                                    0x00000000   Number         0  cpu.o ABSOLUTE
    dc.s                                     0x00000000   Number         0  dc.o ABSOLUTE
    freertos_evr.c                           0x00000000   Number         0  freertos_evr.o ABSOLUTE
    gpio.c                                   0x00000000   Number         0  gpio.o ABSOLUTE
    handlers.s                               0x00000000   Number         0  handlers.o ABSOLUTE
    heap_1.c                                 0x00000000   Number         0  heap_1.o ABSOLUTE
    init.s                                   0x00000000   Number         0  init.o ABSOLUTE
    interrupt.c                              0x00000000   Number         0  interrupt.o ABSOLUTE
    list.c                                   0x00000000   Number         0  list.o ABSOLUTE
    main.c                                   0x00000000   Number         0  main.o ABSOLUTE
    port.c                                   0x00000000   Number         0  port.o ABSOLUTE
    queue.c                                  0x00000000   Number         0  queue.o ABSOLUTE
    sysctl.c                                 0x00000000   Number         0  sysctl.o ABSOLUTE
    sysctl.c                                 0x00000000   Number         0  sysctl.o ABSOLUTE
    system_TM4C123.c                         0x00000000   Number         0  system_tm4c123.o ABSOLUTE
    tasks.c                                  0x00000000   Number         0  tasks.o ABSOLUTE
    timers.c                                 0x00000000   Number         0  timers.o ABSOLUTE
    RESET                                    0x00000000   Section      620  startup_tm4c123.o(RESET)
    .ARM.Collect$$$$00000000                 0x0000026c   Section        0  entry.o(.ARM.Collect$$$$00000000)
    .ARM.Collect$$$$00000001                 0x0000026c   Section        4  entry2.o(.ARM.Collect$$$$00000001)
    .ARM.Collect$$$$00000004                 0x00000270   Section        4  entry5.o(.ARM.Collect$$$$00000004)
    .ARM.Collect$$$$00000008                 0x00000274   Section        0  entry7b.o(.ARM.Collect$$$$00000008)
    .ARM.Collect$$$$0000000A                 0x00000274   Section        0  entry8b.o(.ARM.Collect$$$$0000000A)
    .ARM.Collect$$$$0000000B                 0x00000274   Section        8  entry9a.o(.ARM.Collect$$$$0000000B)
    __lit__00000000                          0x0000027c   Data           4  entry2.o(.ARM.Collect$$$$00002712)
    .ARM.Collect$$$$0000000D                 0x0000027c   Section        0  entry10a.o(.ARM.Collect$$$$0000000D)
    .ARM.Collect$$$$0000000F                 0x0000027c   Section        0  entry11a.o(.ARM.Collect$$$$0000000F)
    .ARM.Collect$$$$00002712                 0x0000027c   Section        4  entry2.o(.ARM.Collect$$$$00002712)
    $v0                                      0x00000280   Number         0  startup_tm4c123.o(.text)
    .text                                    0x00000280   Section      252  startup_tm4c123.o(.text)
    .text                                    0x0000037c   Section        0  memcpya.o(.text)
    .text                                    0x000003a0   Section        0  memseta.o(.text)
    .text                                    0x000003c4   Section       36  init.o(.text)
    .text                                    0x000003e8   Section        0  __dczerorl.o(.text)
    [Anonymous Symbol]                       0x00000424   Section        0  main.o(.text.B_Handeler)
    [Anonymous Symbol]                       0x000005c0   Section        0  port.o(.text.PendSV_Handler)
    pxCurrentTCBConst                        0x00000620   Number         0  port.o(.text.PendSV_Handler)
    [Anonymous Symbol]                       0x00000630   Section        0  port.o(.text.SVC_Handler)
    pxCurrentTCBConst2                       0x00000650   Number         0  port.o(.text.SVC_Handler)
    [Anonymous Symbol]                       0x00000654   Section        0  port.o(.text.SysTick_Handler)
    [Anonymous Symbol]                       0x00000690   Section        0  system_tm4c123.o(.text.SystemInit)
    [Anonymous Symbol]                       0x0000079c   Section        0  main.o(.text.delay_ms)
    [Anonymous Symbol]                       0x000007dc   Section        0  main.o(.text.driver_dn_auto)
    [Anonymous Symbol]                       0x000008ac   Section        0  main.o(.text.driver_dn_manu)
    [Anonymous Symbol]                       0x00000994   Section        0  main.o(.text.driver_up_auto)
    [Anonymous Symbol]                       0x00000aa8   Section        0  main.o(.text.driver_up_manu)
    [Anonymous Symbol]                       0x00000bd4   Section        0  main.o(.text.emergency)
    [Anonymous Symbol]                       0x00000c70   Section        0  main.o(.text.idle)
    [Anonymous Symbol]                       0x00000c90   Section        0  main.o(.text.main)
    [Anonymous Symbol]                       0x00000edc   Section        0  main.o(.text.motor_dn)
    [Anonymous Symbol]                       0x00000efc   Section        0  main.o(.text.motor_stp)
    [Anonymous Symbol]                       0x00000f1c   Section        0  main.o(.text.motor_up)
    [Anonymous Symbol]                       0x00000f3c   Section        0  main.o(.text.passen_dn_auto)
    [Anonymous Symbol]                       0x0000100c   Section        0  main.o(.text.passen_dn_manu)
    [Anonymous Symbol]                       0x000010f4   Section        0  main.o(.text.passen_up_auto)
    [Anonymous Symbol]                       0x00001208   Section        0  main.o(.text.passen_up_manu)
    [Anonymous Symbol]                       0x00001334   Section        0  main.o(.text.portB_init)
    [Anonymous Symbol]                       0x000013ac   Section        0  main.o(.text.portF_init)
    prvAddCurrentTaskToDelayedList           0x000013ed   Thumb Code   282  tasks.o(.text.prvAddCurrentTaskToDelayedList)
    [Anonymous Symbol]                       0x000013ec   Section        0  tasks.o(.text.prvAddCurrentTaskToDelayedList)
    prvAddNewTaskToReadyList                 0x00001509   Thumb Code   334  tasks.o(.text.prvAddNewTaskToReadyList)
    [Anonymous Symbol]                       0x00001508   Section        0  tasks.o(.text.prvAddNewTaskToReadyList)
    prvCheckForValidListAndQueue             0x00001659   Thumb Code   106  timers.o(.text.prvCheckForValidListAndQueue)
    [Anonymous Symbol]                       0x00001658   Section        0  timers.o(.text.prvCheckForValidListAndQueue)
    prvCheckTasksWaitingTermination          0x000016c5   Thumb Code    90  tasks.o(.text.prvCheckTasksWaitingTermination)
    [Anonymous Symbol]                       0x000016c4   Section        0  tasks.o(.text.prvCheckTasksWaitingTermination)
    prvCopyDataFromQueue                     0x00001721   Thumb Code    66  queue.o(.text.prvCopyDataFromQueue)
    [Anonymous Symbol]                       0x00001720   Section        0  queue.o(.text.prvCopyDataFromQueue)
    prvCopyDataToQueue                       0x00001765   Thumb Code   204  queue.o(.text.prvCopyDataToQueue)
    [Anonymous Symbol]                       0x00001764   Section        0  queue.o(.text.prvCopyDataToQueue)
    prvDeleteTCB                             0x00001831   Thumb Code    24  tasks.o(.text.prvDeleteTCB)
    [Anonymous Symbol]                       0x00001830   Section        0  tasks.o(.text.prvDeleteTCB)
    prvGetDisinheritPriorityAfterTimeout     0x00001849   Thumb Code    38  queue.o(.text.prvGetDisinheritPriorityAfterTimeout)
    [Anonymous Symbol]                       0x00001848   Section        0  queue.o(.text.prvGetDisinheritPriorityAfterTimeout)
    prvGetNextExpireTime                     0x00001871   Thumb Code    64  timers.o(.text.prvGetNextExpireTime)
    [Anonymous Symbol]                       0x00001870   Section        0  timers.o(.text.prvGetNextExpireTime)
    prvIdleTask                              0x000018b1   Thumb Code    56  tasks.o(.text.prvIdleTask)
    [Anonymous Symbol]                       0x000018b0   Section        0  tasks.o(.text.prvIdleTask)
    prvInitialiseMutex                       0x000018e9   Thumb Code    44  queue.o(.text.prvInitialiseMutex)
    [Anonymous Symbol]                       0x000018e8   Section        0  queue.o(.text.prvInitialiseMutex)
    prvInitialiseNewQueue                    0x00001915   Thumb Code    68  queue.o(.text.prvInitialiseNewQueue)
    [Anonymous Symbol]                       0x00001914   Section        0  queue.o(.text.prvInitialiseNewQueue)
    prvInitialiseNewTask                     0x00001959   Thumb Code   278  tasks.o(.text.prvInitialiseNewTask)
    [Anonymous Symbol]                       0x00001958   Section        0  tasks.o(.text.prvInitialiseNewTask)
    prvInitialiseTaskLists                   0x00001a71   Thumb Code   142  tasks.o(.text.prvInitialiseTaskLists)
    [Anonymous Symbol]                       0x00001a70   Section        0  tasks.o(.text.prvInitialiseTaskLists)
    prvInsertTimerInActiveList               0x00001b01   Thumb Code   134  timers.o(.text.prvInsertTimerInActiveList)
    [Anonymous Symbol]                       0x00001b00   Section        0  timers.o(.text.prvInsertTimerInActiveList)
    prvIsQueueEmpty                          0x00001b89   Thumb Code    40  queue.o(.text.prvIsQueueEmpty)
    [Anonymous Symbol]                       0x00001b88   Section        0  queue.o(.text.prvIsQueueEmpty)
    prvIsQueueFull                           0x00001bb1   Thumb Code    46  queue.o(.text.prvIsQueueFull)
    [Anonymous Symbol]                       0x00001bb0   Section        0  queue.o(.text.prvIsQueueFull)
    prvNotifyQueueSetContainer               0x00001be1   Thumb Code   236  queue.o(.text.prvNotifyQueueSetContainer)
    [Anonymous Symbol]                       0x00001be0   Section        0  queue.o(.text.prvNotifyQueueSetContainer)
    prvPortStartFirstTask                    0x00001ccd   Thumb Code    40  port.o(.text.prvPortStartFirstTask)
    [Anonymous Symbol]                       0x00001ccc   Section        0  port.o(.text.prvPortStartFirstTask)
    prvProcessExpiredTimer                   0x00001cf5   Thumb Code    84  timers.o(.text.prvProcessExpiredTimer)
    [Anonymous Symbol]                       0x00001cf4   Section        0  timers.o(.text.prvProcessExpiredTimer)
    prvProcessReceivedCommands               0x00001d49   Thumb Code   326  timers.o(.text.prvProcessReceivedCommands)
    [Anonymous Symbol]                       0x00001d48   Section        0  timers.o(.text.prvProcessReceivedCommands)
    prvProcessTimerOrBlockTask               0x00001e91   Thumb Code   154  timers.o(.text.prvProcessTimerOrBlockTask)
    [Anonymous Symbol]                       0x00001e90   Section        0  timers.o(.text.prvProcessTimerOrBlockTask)
    prvReloadTimer                           0x00001f2d   Thumb Code    52  timers.o(.text.prvReloadTimer)
    [Anonymous Symbol]                       0x00001f2c   Section        0  timers.o(.text.prvReloadTimer)
    prvResetNextTaskUnblockTime              0x00001f61   Thumb Code    60  tasks.o(.text.prvResetNextTaskUnblockTime)
    [Anonymous Symbol]                       0x00001f60   Section        0  tasks.o(.text.prvResetNextTaskUnblockTime)
    prvSampleTimeNow                         0x00001f9d   Thumb Code    68  timers.o(.text.prvSampleTimeNow)
    [Anonymous Symbol]                       0x00001f9c   Section        0  timers.o(.text.prvSampleTimeNow)
    prvSwitchTimerLists                      0x00001fe1   Thumb Code    82  timers.o(.text.prvSwitchTimerLists)
    [Anonymous Symbol]                       0x00001fe0   Section        0  timers.o(.text.prvSwitchTimerLists)
    prvTaskExitError                         0x00002035   Thumb Code    76  port.o(.text.prvTaskExitError)
    [Anonymous Symbol]                       0x00002034   Section        0  port.o(.text.prvTaskExitError)
    prvTimerTask                             0x00002081   Thumb Code    30  timers.o(.text.prvTimerTask)
    [Anonymous Symbol]                       0x00002080   Section        0  timers.o(.text.prvTimerTask)
    prvUnlockQueue                           0x000020a1   Thumb Code   204  queue.o(.text.prvUnlockQueue)
    [Anonymous Symbol]                       0x000020a0   Section        0  queue.o(.text.prvUnlockQueue)
    [Anonymous Symbol]                       0x0000216c   Section        0  heap_1.o(.text.pvPortMalloc)
    [Anonymous Symbol]                       0x0000222c   Section        0  tasks.o(.text.pvTaskIncrementMutexHeldCount)
    [Anonymous Symbol]                       0x00002258   Section        0  port.o(.text.pxPortInitialiseStack)
    [Anonymous Symbol]                       0x000022b8   Section        0  list.o(.text.uxListRemove)
    [Anonymous Symbol]                       0x00002300   Section        0  tasks.o(.text.uxTaskGetNumberOfTasks)
    [Anonymous Symbol]                       0x0000230c   Section        0  list.o(.text.vListInitialise)
    [Anonymous Symbol]                       0x0000233c   Section        0  list.o(.text.vListInitialiseItem)
    [Anonymous Symbol]                       0x0000234c   Section        0  list.o(.text.vListInsert)
    vPortEnableVFP                           0x000023b9   Thumb Code    20  port.o(.text.vPortEnableVFP)
    [Anonymous Symbol]                       0x000023b8   Section        0  port.o(.text.vPortEnableVFP)
    [Anonymous Symbol]                       0x000023cc   Section        0  port.o(.text.vPortEnterCritical)
    [Anonymous Symbol]                       0x00002424   Section        0  port.o(.text.vPortExitCritical)
    [Anonymous Symbol]                       0x00002470   Section        0  heap_1.o(.text.vPortFree)
    [Anonymous Symbol]                       0x00002494   Section        0  port.o(.text.vPortSetupTimerInterrupt)
    [Anonymous Symbol]                       0x000024d8   Section        0  port.o(.text.vPortValidateInterruptPriority)
    [Anonymous Symbol]                       0x0000255c   Section        0  queue.o(.text.vQueueWaitForMessageRestricted)
    [Anonymous Symbol]                       0x000025c0   Section        0  tasks.o(.text.vTaskInternalSetTimeOutState)
    [Anonymous Symbol]                       0x000025e4   Section        0  tasks.o(.text.vTaskMissedYield)
    [Anonymous Symbol]                       0x000025f4   Section        0  tasks.o(.text.vTaskPlaceOnEventList)
    [Anonymous Symbol]                       0x00002638   Section        0  tasks.o(.text.vTaskPlaceOnEventListRestricted)
    [Anonymous Symbol]                       0x000026b4   Section        0  tasks.o(.text.vTaskPriorityDisinheritAfterTimeout)
    [Anonymous Symbol]                       0x00002838   Section        0  tasks.o(.text.vTaskStartScheduler)
    [Anonymous Symbol]                       0x000028ec   Section        0  tasks.o(.text.vTaskSuspendAll)
    __tagsym$$used.0                         0x000028fc   Number         0  tasks.o(.text.vTaskSwitchContext)
    [Anonymous Symbol]                       0x000028fc   Section        0  tasks.o(.text.vTaskSwitchContext)
    [Anonymous Symbol]                       0x000029bc   Section        0  port.o(.text.xPortStartScheduler)
    [Anonymous Symbol]                       0x00002b38   Section        0  queue.o(.text.xQueueCreateMutex)
    [Anonymous Symbol]                       0x00002b60   Section        0  queue.o(.text.xQueueGenericCreate)
    [Anonymous Symbol]                       0x00002bfc   Section        0  queue.o(.text.xQueueGenericReset)
    [Anonymous Symbol]                       0x00002d04   Section        0  queue.o(.text.xQueueGenericSend)
    [Anonymous Symbol]                       0x00002f78   Section        0  queue.o(.text.xQueueGiveFromISR)
    [Anonymous Symbol]                       0x000030fc   Section        0  queue.o(.text.xQueueReceive)
    [Anonymous Symbol]                       0x000032d8   Section        0  queue.o(.text.xQueueSemaphoreTake)
    [Anonymous Symbol]                       0x000034e8   Section        0  tasks.o(.text.xTaskCheckForTimeOut)
    [Anonymous Symbol]                       0x000035bc   Section        0  tasks.o(.text.xTaskCreate)
    [Anonymous Symbol]                       0x0000365c   Section        0  tasks.o(.text.xTaskGetSchedulerState)
    [Anonymous Symbol]                       0x00003694   Section        0  tasks.o(.text.xTaskGetTickCount)
    [Anonymous Symbol]                       0x000036a8   Section        0  tasks.o(.text.xTaskIncrementTick)
    [Anonymous Symbol]                       0x00003908   Section        0  tasks.o(.text.xTaskPriorityDisinherit)
    [Anonymous Symbol]                       0x00003a40   Section        0  tasks.o(.text.xTaskPriorityInherit)
    [Anonymous Symbol]                       0x00003b9c   Section        0  tasks.o(.text.xTaskRemoveFromEventList)
    [Anonymous Symbol]                       0x00003d28   Section        0  tasks.o(.text.xTaskResumeAll)
    [Anonymous Symbol]                       0x00003f4c   Section        0  timers.o(.text.xTimerCreateTimerTask)
    i.GPIODirModeSet                         0x00003fb8   Section        0  gpio.o(i.GPIODirModeSet)
    i.GPIOIntClear                           0x00003fe0   Section        0  gpio.o(i.GPIOIntClear)
    i.GPIOIntEnable                          0x00003fe6   Section        0  gpio.o(i.GPIOIntEnable)
    i.GPIOIntRegister                        0x00003ff2   Section        0  gpio.o(i.GPIOIntRegister)
    i.GPIOIntStatus                          0x0000400c   Section        0  gpio.o(i.GPIOIntStatus)
    i.GPIOIntTypeSet                         0x0000401a   Section        0  gpio.o(i.GPIOIntTypeSet)
    i.GPIOPadConfigSet                       0x0000406c   Section        0  gpio.o(i.GPIOPadConfigSet)
    i.GPIOPinRead                            0x000041dc   Section        0  gpio.o(i.GPIOPinRead)
    i.GPIOPinTypeGPIOInput                   0x000041e2   Section        0  gpio.o(i.GPIOPinTypeGPIOInput)
    i.GPIOPinTypeGPIOOutput                  0x000041fe   Section        0  gpio.o(i.GPIOPinTypeGPIOOutput)
    i.GPIOPinWrite                           0x0000421a   Section        0  gpio.o(i.GPIOPinWrite)
    i.GPIOUnlockPin                          0x00004220   Section        0  gpio.o(i.GPIOUnlockPin)
    i.IntEnable                              0x00004238   Section        0  interrupt.o(i.IntEnable)
    i.IntPrioritySet                         0x0000429c   Section        0  interrupt.o(i.IntPrioritySet)
    i.IntRegister                            0x000042c4   Section        0  interrupt.o(i.IntRegister)
    i.SysCtlPeripheralEnable                 0x000042f8   Section        0  sysctl.o(i.SysCtlPeripheralEnable)
    i.SysCtlPeripheralReady                  0x00004320   Section        0  sysctl.o(i.SysCtlPeripheralReady)
    _GPIOIntNumberGet                        0x0000434d   Thumb Code    62  gpio.o(i._GPIOIntNumberGet)
    i._GPIOIntNumberGet                      0x0000434c   Section        0  gpio.o(i._GPIOIntNumberGet)
    i.__scatterload_copy                     0x0000439c   Section       14  handlers.o(i.__scatterload_copy)
    i.__scatterload_null                     0x000043aa   Section        2  handlers.o(i.__scatterload_null)
    i.__scatterload_zeroinit                 0x000043ac   Section       14  handlers.o(i.__scatterload_zeroinit)
    g_ppui32GPIOIntMapBlizzard               0x000043bc   Data         192  gpio.o(.constdata)
    .constdata                               0x000043bc   Section      552  gpio.o(.constdata)
    g_ppui32GPIOIntMapSnowflake              0x0000447c   Data         216  gpio.o(.constdata)
    g_pui32GPIOBaseAddrs                     0x00004554   Data         144  gpio.o(.constdata)
    g_pui32Priority                          0x000045e4   Data          32  interrupt.o(.constdata)
    .constdata                               0x000045e4   Section      268  interrupt.o(.constdata)
    g_pui32Regs                              0x00004604   Data         156  interrupt.o(.constdata)
    g_pui32EnRegs                            0x000046a0   Data          20  interrupt.o(.constdata)
    g_pui32Dii16Regs                         0x000046b4   Data          20  interrupt.o(.constdata)
    g_pui32PendRegs                          0x000046c8   Data          20  interrupt.o(.constdata)
    g_pui32UnpendRegs                        0x000046dc   Data          20  interrupt.o(.constdata)
    .L.str.9                                 0x000046f0   Data           7  main.o(.rodata.str1.1)
    [Anonymous Symbol]                       0x000046f0   Section        0  main.o(.rodata.str1.1)
    .L.str                                   0x000046f7   Data           6  main.o(.rodata.str1.1)
    .L.str.1                                 0x000046fd   Data           6  main.o(.rodata.str1.1)
    .L.str.2                                 0x00004703   Data           6  main.o(.rodata.str1.1)
    .L.str.3                                 0x00004709   Data           6  main.o(.rodata.str1.1)
    .L.str.4                                 0x0000470f   Data           6  main.o(.rodata.str1.1)
    .L.str.5                                 0x00004715   Data           6  main.o(.rodata.str1.1)
    .L.str.6                                 0x0000471b   Data           6  main.o(.rodata.str1.1)
    .L.str.7                                 0x00004721   Data           6  main.o(.rodata.str1.1)
    .L.str.8                                 0x00004727   Data           6  main.o(.rodata.str1.1)
    .L.str                                   0x0000472d   Data           5  tasks.o(.rodata.str1.1)
    [Anonymous Symbol]                       0x0000472d   Section        0  tasks.o(.rodata.str1.1)
    .L.str                                   0x00004732   Data           8  timers.o(.rodata.str1.1)
    [Anonymous Symbol]                       0x00004732   Section        0  timers.o(.rodata.str1.1)
    uxCriticalNesting                        0x2000000c   Data           4  port.o(.data.uxCriticalNesting)
    [Anonymous Symbol]                       0x2000000c   Section        0  port.o(.data.uxCriticalNesting)
    g_pfnRAMVectors                          0x20000400   Data         620  interrupt.o(vtable)
    vtable                                   0x20000400   Section      620  interrupt.o(vtable)
    prvSampleTimeNow.xLastTime               0x20000670   Data           4  timers.o(.bss.prvSampleTimeNow.xLastTime)
    [Anonymous Symbol]                       0x20000670   Section        0  timers.o(.bss.prvSampleTimeNow.xLastTime)
    pvPortMalloc.pucAlignedHeap              0x20000674   Data           4  heap_1.o(.bss.pvPortMalloc.pucAlignedHeap)
    [Anonymous Symbol]                       0x20000674   Section        0  heap_1.o(.bss.pvPortMalloc.pucAlignedHeap)
    __tagsym$$used.1                         0x20000678   Number         0  tasks.o(.bss.pxCurrentTCB)
    pxCurrentTimerList                       0x2000067c   Data           4  timers.o(.bss.pxCurrentTimerList)
    [Anonymous Symbol]                       0x2000067c   Section        0  timers.o(.bss.pxCurrentTimerList)
    pxDelayedTaskList                        0x20000680   Data           4  tasks.o(.bss.pxDelayedTaskList)
    [Anonymous Symbol]                       0x20000680   Section        0  tasks.o(.bss.pxDelayedTaskList)
    pxOverflowDelayedTaskList                0x20000684   Data           4  tasks.o(.bss.pxOverflowDelayedTaskList)
    [Anonymous Symbol]                       0x20000684   Section        0  tasks.o(.bss.pxOverflowDelayedTaskList)
    pxOverflowTimerList                      0x20000688   Data           4  timers.o(.bss.pxOverflowTimerList)
    [Anonymous Symbol]                       0x20000688   Section        0  timers.o(.bss.pxOverflowTimerList)
    pxReadyTasksLists                        0x2000068c   Data         140  tasks.o(.bss.pxReadyTasksLists)
    [Anonymous Symbol]                       0x2000068c   Section        0  tasks.o(.bss.pxReadyTasksLists)
    ucHeap                                   0x20000718   Data        8192  heap_1.o(.bss.ucHeap)
    [Anonymous Symbol]                       0x20000718   Section        0  heap_1.o(.bss.ucHeap)
    ucMaxSysCallPriority                     0x20002718   Data           1  port.o(.bss.ucMaxSysCallPriority)
    [Anonymous Symbol]                       0x20002718   Section        0  port.o(.bss.ucMaxSysCallPriority)
    ulMaxPRIGROUPValue                       0x2000271c   Data           4  port.o(.bss.ulMaxPRIGROUPValue)
    [Anonymous Symbol]                       0x2000271c   Section        0  port.o(.bss.ulMaxPRIGROUPValue)
    uxCurrentNumberOfTasks                   0x20002720   Data           4  tasks.o(.bss.uxCurrentNumberOfTasks)
    [Anonymous Symbol]                       0x20002720   Section        0  tasks.o(.bss.uxCurrentNumberOfTasks)
    uxDeletedTasksWaitingCleanUp             0x20002724   Data           4  tasks.o(.bss.uxDeletedTasksWaitingCleanUp)
    [Anonymous Symbol]                       0x20002724   Section        0  tasks.o(.bss.uxDeletedTasksWaitingCleanUp)
    uxSchedulerSuspended                     0x20002728   Data           4  tasks.o(.bss.uxSchedulerSuspended)
    [Anonymous Symbol]                       0x20002728   Section        0  tasks.o(.bss.uxSchedulerSuspended)
    uxTaskNumber                             0x2000272c   Data           4  tasks.o(.bss.uxTaskNumber)
    [Anonymous Symbol]                       0x2000272c   Section        0  tasks.o(.bss.uxTaskNumber)
    uxTopReadyPriority                       0x20002730   Data           4  tasks.o(.bss.uxTopReadyPriority)
    [Anonymous Symbol]                       0x20002730   Section        0  tasks.o(.bss.uxTopReadyPriority)
    xActiveTimerList1                        0x20002734   Data          20  timers.o(.bss.xActiveTimerList1)
    [Anonymous Symbol]                       0x20002734   Section        0  timers.o(.bss.xActiveTimerList1)
    xActiveTimerList2                        0x20002748   Data          20  timers.o(.bss.xActiveTimerList2)
    [Anonymous Symbol]                       0x20002748   Section        0  timers.o(.bss.xActiveTimerList2)
    xDelayedTaskList1                        0x2000275c   Data          20  tasks.o(.bss.xDelayedTaskList1)
    [Anonymous Symbol]                       0x2000275c   Section        0  tasks.o(.bss.xDelayedTaskList1)
    xDelayedTaskList2                        0x20002770   Data          20  tasks.o(.bss.xDelayedTaskList2)
    [Anonymous Symbol]                       0x20002770   Section        0  tasks.o(.bss.xDelayedTaskList2)
    xIdleTaskHandle                          0x20002784   Data           4  tasks.o(.bss.xIdleTaskHandle)
    [Anonymous Symbol]                       0x20002784   Section        0  tasks.o(.bss.xIdleTaskHandle)
    xNextFreeByte                            0x2000278c   Data           4  heap_1.o(.bss.xNextFreeByte)
    [Anonymous Symbol]                       0x2000278c   Section        0  heap_1.o(.bss.xNextFreeByte)
    xNextTaskUnblockTime                     0x20002790   Data           4  tasks.o(.bss.xNextTaskUnblockTime)
    [Anonymous Symbol]                       0x20002790   Section        0  tasks.o(.bss.xNextTaskUnblockTime)
    xNumOfOverflows                          0x20002794   Data           4  tasks.o(.bss.xNumOfOverflows)
    [Anonymous Symbol]                       0x20002794   Section        0  tasks.o(.bss.xNumOfOverflows)
    xPendedTicks                             0x20002798   Data           4  tasks.o(.bss.xPendedTicks)
    [Anonymous Symbol]                       0x20002798   Section        0  tasks.o(.bss.xPendedTicks)
    xPendingReadyList                        0x2000279c   Data          20  tasks.o(.bss.xPendingReadyList)
    [Anonymous Symbol]                       0x2000279c   Section        0  tasks.o(.bss.xPendingReadyList)
    xSchedulerRunning                        0x200027b0   Data           4  tasks.o(.bss.xSchedulerRunning)
    [Anonymous Symbol]                       0x200027b0   Section        0  tasks.o(.bss.xSchedulerRunning)
    xSuspendedTaskList                       0x200027d8   Data          20  tasks.o(.bss.xSuspendedTaskList)
    [Anonymous Symbol]                       0x200027d8   Section        0  tasks.o(.bss.xSuspendedTaskList)
    xTasksWaitingTermination                 0x200027ec   Data          20  tasks.o(.bss.xTasksWaitingTermination)
    [Anonymous Symbol]                       0x200027ec   Section        0  tasks.o(.bss.xTasksWaitingTermination)
    xTickCount                               0x20002800   Data           4  tasks.o(.bss.xTickCount)
    [Anonymous Symbol]                       0x20002800   Section        0  tasks.o(.bss.xTickCount)
    xTimerQueue                              0x20002804   Data           4  timers.o(.bss.xTimerQueue)
    [Anonymous Symbol]                       0x20002804   Section        0  timers.o(.bss.xTimerQueue)
    xTimerTaskHandle                         0x20002808   Data           4  timers.o(.bss.xTimerTaskHandle)
    [Anonymous Symbol]                       0x20002808   Section        0  timers.o(.bss.xTimerTaskHandle)
    xYieldPending                            0x2000280c   Data           4  tasks.o(.bss.xYieldPending)
    [Anonymous Symbol]                       0x2000280c   Section        0  tasks.o(.bss.xYieldPending)
    STACK                                    0x20002810   Section      512  startup_tm4c123.o(STACK)

    Global Symbols

    Symbol Name                              Value     Ov Type        Size  Object(Section)

    BuildAttributes$$THM_ISAv4$E$P$D$K$B$S$7EM$VFPi3$EXTD16$VFPS$VFMA$PE$A:L22UL41UL21$X:L11$S22US41US21$IEEE1$IW$~IW$USESV6$~STKCKD$USESV7$~SHL$OTIME$EBA8$MICROLIB$REQ8$PRES8$EABIv2 0x00000000   Number         0  anon$$obj.o ABSOLUTE
    __Vectors                                0x00000000   Data           4  startup_tm4c123.o(RESET)
    __cpp_initialize__aeabi_                  - Undefined Weak Reference
    __cxa_finalize                            - Undefined Weak Reference
    _clock_init                               - Undefined Weak Reference
    _microlib_exit                            - Undefined Weak Reference
    __Vectors_End                            0x0000026c   Data           0  startup_tm4c123.o(RESET)
    __Vectors_Size                           0x0000026c   Number         0  startup_tm4c123.o ABSOLUTE
    __main                                   0x0000026d   Thumb Code     0  entry.o(.ARM.Collect$$$$00000000)
    _main_stk                                0x0000026d   Thumb Code     0  entry2.o(.ARM.Collect$$$$00000001)
    _main_scatterload                        0x00000271   Thumb Code     0  entry5.o(.ARM.Collect$$$$00000004)
    __main_after_scatterload                 0x00000275   Thumb Code     0  entry5.o(.ARM.Collect$$$$00000004)
    _main_clock                              0x00000275   Thumb Code     0  entry7b.o(.ARM.Collect$$$$00000008)
    _main_cpp_init                           0x00000275   Thumb Code     0  entry8b.o(.ARM.Collect$$$$0000000A)
    _main_init                               0x00000275   Thumb Code     0  entry9a.o(.ARM.Collect$$$$0000000B)
    __rt_final_cpp                           0x0000027d   Thumb Code     0  entry10a.o(.ARM.Collect$$$$0000000D)
    __rt_final_exit                          0x0000027d   Thumb Code     0  entry11a.o(.ARM.Collect$$$$0000000F)
    Reset_Handler                            0x00000281   Thumb Code     8  startup_tm4c123.o(.text)
    NMI_Handler                              0x00000289   Thumb Code     2  startup_tm4c123.o(.text)
    HardFault_Handler                        0x0000028b   Thumb Code     2  startup_tm4c123.o(.text)
    MemManage_Handler                        0x0000028d   Thumb Code     2  startup_tm4c123.o(.text)
    BusFault_Handler                         0x0000028f   Thumb Code     2  startup_tm4c123.o(.text)
    UsageFault_Handler                       0x00000291   Thumb Code     2  startup_tm4c123.o(.text)
    DebugMon_Handler                         0x00000295   Thumb Code     2  startup_tm4c123.o(.text)
    GPIOA_Handler                            0x0000029b   Thumb Code     2  startup_tm4c123.o(.text)
    GPIOB_Handler                            0x0000029d   Thumb Code     2  startup_tm4c123.o(.text)
    GPIOC_Handler                            0x0000029f   Thumb Code     2  startup_tm4c123.o(.text)
    GPIOD_Handler                            0x000002a1   Thumb Code     2  startup_tm4c123.o(.text)
    GPIOE_Handler                            0x000002a3   Thumb Code     2  startup_tm4c123.o(.text)
    UART0_Handler                            0x000002a5   Thumb Code     2  startup_tm4c123.o(.text)
    UART1_Handler                            0x000002a7   Thumb Code     2  startup_tm4c123.o(.text)
    SSI0_Handler                             0x000002a9   Thumb Code     2  startup_tm4c123.o(.text)
    I2C0_Handler                             0x000002ab   Thumb Code     2  startup_tm4c123.o(.text)
    PMW0_FAULT_Handler                       0x000002ad   Thumb Code     2  startup_tm4c123.o(.text)
    PWM0_0_Handler                           0x000002af   Thumb Code     2  startup_tm4c123.o(.text)
    PWM0_1_Handler                           0x000002b1   Thumb Code     2  startup_tm4c123.o(.text)
    PWM0_2_Handler                           0x000002b3   Thumb Code     2  startup_tm4c123.o(.text)
    QEI0_Handler                             0x000002b5   Thumb Code     2  startup_tm4c123.o(.text)
    ADC0SS0_Handler                          0x000002b7   Thumb Code     2  startup_tm4c123.o(.text)
    ADC0SS1_Handler                          0x000002b9   Thumb Code     2  startup_tm4c123.o(.text)
    ADC0SS2_Handler                          0x000002bb   Thumb Code     2  startup_tm4c123.o(.text)
    ADC0SS3_Handler                          0x000002bd   Thumb Code     2  startup_tm4c123.o(.text)
    WDT0_Handler                             0x000002bf   Thumb Code     2  startup_tm4c123.o(.text)
    TIMER0A_Handler                          0x000002c1   Thumb Code     2  startup_tm4c123.o(.text)
    TIMER0B_Handler                          0x000002c3   Thumb Code     2  startup_tm4c123.o(.text)
    TIMER1A_Handler                          0x000002c5   Thumb Code     2  startup_tm4c123.o(.text)
    TIMER1B_Handler                          0x000002c7   Thumb Code     2  startup_tm4c123.o(.text)
    TIMER2A_Handler                          0x000002c9   Thumb Code     2  startup_tm4c123.o(.text)
    TIMER2B_Handler                          0x000002cb   Thumb Code     2  startup_tm4c123.o(.text)
    COMP0_Handler                            0x000002cd   Thumb Code     2  startup_tm4c123.o(.text)
    COMP1_Handler                            0x000002cf   Thumb Code     2  startup_tm4c123.o(.text)
    COMP2_Handler                            0x000002d1   Thumb Code     2  startup_tm4c123.o(.text)
    SYSCTL_Handler                           0x000002d3   Thumb Code     2  startup_tm4c123.o(.text)
    FLASH_Handler                            0x000002d5   Thumb Code     2  startup_tm4c123.o(.text)
    GPIOF_Handler                            0x000002d7   Thumb Code     2  startup_tm4c123.o(.text)
    GPIOG_Handler                            0x000002d9   Thumb Code     2  startup_tm4c123.o(.text)
    GPIOH_Handler                            0x000002db   Thumb Code     2  startup_tm4c123.o(.text)
    UART2_Handler                            0x000002dd   Thumb Code     2  startup_tm4c123.o(.text)
    SSI1_Handler                             0x000002df   Thumb Code     2  startup_tm4c123.o(.text)
    TIMER3A_Handler                          0x000002e1   Thumb Code     2  startup_tm4c123.o(.text)
    TIMER3B_Handler                          0x000002e3   Thumb Code     2  startup_tm4c123.o(.text)
    I2C1_Handler                             0x000002e5   Thumb Code     2  startup_tm4c123.o(.text)
    QEI1_Handler                             0x000002e7   Thumb Code     2  startup_tm4c123.o(.text)
    CAN0_Handler                             0x000002e9   Thumb Code     2  startup_tm4c123.o(.text)
    CAN1_Handler                             0x000002eb   Thumb Code     2  startup_tm4c123.o(.text)
    CAN2_Handler                             0x000002ed   Thumb Code     2  startup_tm4c123.o(.text)
    HIB_Handler                              0x000002ef   Thumb Code     2  startup_tm4c123.o(.text)
    USB0_Handler                             0x000002f1   Thumb Code     2  startup_tm4c123.o(.text)
    PWM0_3_Handler                           0x000002f3   Thumb Code     2  startup_tm4c123.o(.text)
    UDMA_Handler                             0x000002f5   Thumb Code     2  startup_tm4c123.o(.text)
    UDMAERR_Handler                          0x000002f7   Thumb Code     2  startup_tm4c123.o(.text)
    ADC1SS0_Handler                          0x000002f9   Thumb Code     2  startup_tm4c123.o(.text)
    ADC1SS1_Handler                          0x000002fb   Thumb Code     2  startup_tm4c123.o(.text)
    ADC1SS2_Handler                          0x000002fd   Thumb Code     2  startup_tm4c123.o(.text)
    ADC1SS3_Handler                          0x000002ff   Thumb Code     2  startup_tm4c123.o(.text)
    GPIOJ_Handler                            0x00000301   Thumb Code     2  startup_tm4c123.o(.text)
    GPIOK_Handler                            0x00000303   Thumb Code     2  startup_tm4c123.o(.text)
    GPIOL_Handler                            0x00000305   Thumb Code     2  startup_tm4c123.o(.text)
    SSI2_Handler                             0x00000307   Thumb Code     2  startup_tm4c123.o(.text)
    SSI3_Handler                             0x00000309   Thumb Code     2  startup_tm4c123.o(.text)
    UART3_Handler                            0x0000030b   Thumb Code     2  startup_tm4c123.o(.text)
    UART4_Handler                            0x0000030d   Thumb Code     2  startup_tm4c123.o(.text)
    UART5_Handler                            0x0000030f   Thumb Code     2  startup_tm4c123.o(.text)
    UART6_Handler                            0x00000311   Thumb Code     2  startup_tm4c123.o(.text)
    UART7_Handler                            0x00000313   Thumb Code     2  startup_tm4c123.o(.text)
    I2C2_Handler                             0x00000315   Thumb Code     2  startup_tm4c123.o(.text)
    I2C3_Handler                             0x00000317   Thumb Code     2  startup_tm4c123.o(.text)
    TIMER4A_Handler                          0x00000319   Thumb Code     2  startup_tm4c123.o(.text)
    TIMER4B_Handler                          0x0000031b   Thumb Code     2  startup_tm4c123.o(.text)
    TIMER5A_Handler                          0x0000031d   Thumb Code     2  startup_tm4c123.o(.text)
    TIMER5B_Handler                          0x0000031f   Thumb Code     2  startup_tm4c123.o(.text)
    WTIMER0A_Handler                         0x00000321   Thumb Code     2  startup_tm4c123.o(.text)
    WTIMER0B_Handler                         0x00000323   Thumb Code     2  startup_tm4c123.o(.text)
    WTIMER1A_Handler                         0x00000325   Thumb Code     2  startup_tm4c123.o(.text)
    WTIMER1B_Handler                         0x00000327   Thumb Code     2  startup_tm4c123.o(.text)
    WTIMER2A_Handler                         0x00000329   Thumb Code     2  startup_tm4c123.o(.text)
    WTIMER2B_Handler                         0x0000032b   Thumb Code     2  startup_tm4c123.o(.text)
    WTIMER3A_Handler                         0x0000032d   Thumb Code     2  startup_tm4c123.o(.text)
    WTIMER3B_Handler                         0x0000032f   Thumb Code     2  startup_tm4c123.o(.text)
    WTIMER4A_Handler                         0x00000331   Thumb Code     2  startup_tm4c123.o(.text)
    WTIMER4B_Handler                         0x00000333   Thumb Code     2  startup_tm4c123.o(.text)
    WTIMER5A_Handler                         0x00000335   Thumb Code     2  startup_tm4c123.o(.text)
    WTIMER5B_Handler                         0x00000337   Thumb Code     2  startup_tm4c123.o(.text)
    FPU_Handler                              0x00000339   Thumb Code     2  startup_tm4c123.o(.text)
    I2C4_Handler                             0x0000033b   Thumb Code     2  startup_tm4c123.o(.text)
    I2C5_Handler                             0x0000033d   Thumb Code     2  startup_tm4c123.o(.text)
    GPIOM_Handler                            0x0000033f   Thumb Code     2  startup_tm4c123.o(.text)
    GPION_Handler                            0x00000341   Thumb Code     2  startup_tm4c123.o(.text)
    QEI2_Handler                             0x00000343   Thumb Code     2  startup_tm4c123.o(.text)
    GPIOP0_Handler                           0x00000345   Thumb Code     2  startup_tm4c123.o(.text)
    GPIOP1_Handler                           0x00000347   Thumb Code     2  startup_tm4c123.o(.text)
    GPIOP2_Handler                           0x00000349   Thumb Code     2  startup_tm4c123.o(.text)
    GPIOP3_Handler                           0x0000034b   Thumb Code     2  startup_tm4c123.o(.text)
    GPIOP4_Handler                           0x0000034d   Thumb Code     2  startup_tm4c123.o(.text)
    GPIOP5_Handler                           0x0000034f   Thumb Code     2  startup_tm4c123.o(.text)
    GPIOP6_Handler                           0x00000351   Thumb Code     2  startup_tm4c123.o(.text)
    GPIOP7_Handler                           0x00000353   Thumb Code     2  startup_tm4c123.o(.text)
    GPIOQ0_Handler                           0x00000355   Thumb Code     2  startup_tm4c123.o(.text)
    GPIOQ1_Handler                           0x00000357   Thumb Code     2  startup_tm4c123.o(.text)
    GPIOQ2_Handler                           0x00000359   Thumb Code     2  startup_tm4c123.o(.text)
    GPIOQ3_Handler                           0x0000035b   Thumb Code     2  startup_tm4c123.o(.text)
    GPIOQ4_Handler                           0x0000035d   Thumb Code     2  startup_tm4c123.o(.text)
    GPIOQ5_Handler                           0x0000035f   Thumb Code     2  startup_tm4c123.o(.text)
    GPIOQ6_Handler                           0x00000361   Thumb Code     2  startup_tm4c123.o(.text)
    GPIOQ7_Handler                           0x00000363   Thumb Code     2  startup_tm4c123.o(.text)
    GPIOR_Handler                            0x00000365   Thumb Code     2  startup_tm4c123.o(.text)
    GPIOS_Handler                            0x00000367   Thumb Code     2  startup_tm4c123.o(.text)
    PMW1_0_Handler                           0x00000369   Thumb Code     2  startup_tm4c123.o(.text)
    PWM1_1_Handler                           0x0000036b   Thumb Code     2  startup_tm4c123.o(.text)
    PWM1_2_Handler                           0x0000036d   Thumb Code     2  startup_tm4c123.o(.text)
    PWM1_3_Handler                           0x0000036f   Thumb Code     2  startup_tm4c123.o(.text)
    PWM1_FAULT_Handler                       0x00000371   Thumb Code     2  startup_tm4c123.o(.text)
    __aeabi_memcpy                           0x0000037d   Thumb Code    36  memcpya.o(.text)
    __aeabi_memcpy4                          0x0000037d   Thumb Code     0  memcpya.o(.text)
    __aeabi_memcpy8                          0x0000037d   Thumb Code     0  memcpya.o(.text)
    __aeabi_memset                           0x000003a1   Thumb Code    14  memseta.o(.text)
    __aeabi_memset4                          0x000003a1   Thumb Code     0  memseta.o(.text)
    __aeabi_memset8                          0x000003a1   Thumb Code     0  memseta.o(.text)
    __aeabi_memclr                           0x000003af   Thumb Code     4  memseta.o(.text)
    __aeabi_memclr4                          0x000003af   Thumb Code     0  memseta.o(.text)
    __aeabi_memclr8                          0x000003af   Thumb Code     0  memseta.o(.text)
    _memset$wrapper                          0x000003b3   Thumb Code    18  memseta.o(.text)
    __scatterload                            0x000003c5   Thumb Code    28  init.o(.text)
    __scatterload_rt2                        0x000003c5   Thumb Code     0  init.o(.text)
    __decompress                             0x000003e9   Thumb Code     0  __dczerorl.o(.text)
    __decompress0                            0x000003e9   Thumb Code    58  __dczerorl.o(.text)
    B_Handeler                               0x00000425   Thumb Code   412  main.o(.text.B_Handeler)
    PendSV_Handler                           0x000005c1   Thumb Code   100  port.o(.text.PendSV_Handler)
    SVC_Handler                              0x00000631   Thumb Code    36  port.o(.text.SVC_Handler)
    SysTick_Handler                          0x00000655   Thumb Code    60  port.o(.text.SysTick_Handler)
    SystemInit                               0x00000691   Thumb Code   268  system_tm4c123.o(.text.SystemInit)
    delay_ms                                 0x0000079d   Thumb Code    62  main.o(.text.delay_ms)
    driver_dn_auto                           0x000007dd   Thumb Code   206  main.o(.text.driver_dn_auto)
    driver_dn_manu                           0x000008ad   Thumb Code   232  main.o(.text.driver_dn_manu)
    driver_up_auto                           0x00000995   Thumb Code   274  main.o(.text.driver_up_auto)
    driver_up_manu                           0x00000aa9   Thumb Code   300  main.o(.text.driver_up_manu)
    emergency                                0x00000bd5   Thumb Code   156  main.o(.text.emergency)
    idle                                     0x00000c71   Thumb Code    30  main.o(.text.idle)
    main                                     0x00000c91   Thumb Code   588  main.o(.text.main)
    motor_dn                                 0x00000edd   Thumb Code    32  main.o(.text.motor_dn)
    motor_stp                                0x00000efd   Thumb Code    32  main.o(.text.motor_stp)
    motor_up                                 0x00000f1d   Thumb Code    32  main.o(.text.motor_up)
    passen_dn_auto                           0x00000f3d   Thumb Code   206  main.o(.text.passen_dn_auto)
    passen_dn_manu                           0x0000100d   Thumb Code   232  main.o(.text.passen_dn_manu)
    passen_up_auto                           0x000010f5   Thumb Code   274  main.o(.text.passen_up_auto)
    passen_up_manu                           0x00001209   Thumb Code   300  main.o(.text.passen_up_manu)
    portB_init                               0x00001335   Thumb Code   120  main.o(.text.portB_init)
    portF_init                               0x000013ad   Thumb Code    64  main.o(.text.portF_init)
    pvPortMalloc                             0x0000216d   Thumb Code   192  heap_1.o(.text.pvPortMalloc)
    pvTaskIncrementMutexHeldCount            0x0000222d   Thumb Code    44  tasks.o(.text.pvTaskIncrementMutexHeldCount)
    pxPortInitialiseStack                    0x00002259   Thumb Code    94  port.o(.text.pxPortInitialiseStack)
    uxListRemove                             0x000022b9   Thumb Code    72  list.o(.text.uxListRemove)
    uxTaskGetNumberOfTasks                   0x00002301   Thumb Code    12  tasks.o(.text.uxTaskGetNumberOfTasks)
    vListInitialise                          0x0000230d   Thumb Code    46  list.o(.text.vListInitialise)
    vListInitialiseItem                      0x0000233d   Thumb Code    14  list.o(.text.vListInitialiseItem)
    vListInsert                              0x0000234d   Thumb Code   106  list.o(.text.vListInsert)
    vPortEnterCritical                       0x000023cd   Thumb Code    86  port.o(.text.vPortEnterCritical)
    vPortExitCritical                        0x00002425   Thumb Code    74  port.o(.text.vPortExitCritical)
    vPortFree                                0x00002471   Thumb Code    36  heap_1.o(.text.vPortFree)
    vPortSetupTimerInterrupt                 0x00002495   Thumb Code    68  port.o(.text.vPortSetupTimerInterrupt)
    vPortValidateInterruptPriority           0x000024d9   Thumb Code   132  port.o(.text.vPortValidateInterruptPriority)
    vQueueWaitForMessageRestricted           0x0000255d   Thumb Code   100  queue.o(.text.vQueueWaitForMessageRestricted)
    vTaskInternalSetTimeOutState             0x000025c1   Thumb Code    36  tasks.o(.text.vTaskInternalSetTimeOutState)
    vTaskMissedYield                         0x000025e5   Thumb Code    14  tasks.o(.text.vTaskMissedYield)
    vTaskPlaceOnEventList                    0x000025f5   Thumb Code    66  tasks.o(.text.vTaskPlaceOnEventList)
    vTaskPlaceOnEventListRestricted          0x00002639   Thumb Code   124  tasks.o(.text.vTaskPlaceOnEventListRestricted)
    vTaskPriorityDisinheritAfterTimeout      0x000026b5   Thumb Code   386  tasks.o(.text.vTaskPriorityDisinheritAfterTimeout)
    vTaskStartScheduler                      0x00002839   Thumb Code   178  tasks.o(.text.vTaskStartScheduler)
    vTaskSuspendAll                          0x000028ed   Thumb Code    16  tasks.o(.text.vTaskSuspendAll)
    vTaskSwitchContext                       0x000028fd   Thumb Code   190  tasks.o(.text.vTaskSwitchContext)
    xPortStartScheduler                      0x000029bd   Thumb Code   380  port.o(.text.xPortStartScheduler)
    xQueueCreateMutex                        0x00002b39   Thumb Code    38  queue.o(.text.xQueueCreateMutex)
    xQueueGenericCreate                      0x00002b61   Thumb Code   154  queue.o(.text.xQueueGenericCreate)
    xQueueGenericReset                       0x00002bfd   Thumb Code   264  queue.o(.text.xQueueGenericReset)
    xQueueGenericSend                        0x00002d05   Thumb Code   628  queue.o(.text.xQueueGenericSend)
    xQueueGiveFromISR                        0x00002f79   Thumb Code   386  queue.o(.text.xQueueGiveFromISR)
    xQueueReceive                            0x000030fd   Thumb Code   476  queue.o(.text.xQueueReceive)
    xQueueSemaphoreTake                      0x000032d9   Thumb Code   528  queue.o(.text.xQueueSemaphoreTake)
    xTaskCheckForTimeOut                     0x000034e9   Thumb Code   210  tasks.o(.text.xTaskCheckForTimeOut)
    xTaskCreate                              0x000035bd   Thumb Code   160  tasks.o(.text.xTaskCreate)
    xTaskGetSchedulerState                   0x0000365d   Thumb Code    56  tasks.o(.text.xTaskGetSchedulerState)
    xTaskGetTickCount                        0x00003695   Thumb Code    20  tasks.o(.text.xTaskGetTickCount)
    xTaskIncrementTick                       0x000036a9   Thumb Code   608  tasks.o(.text.xTaskIncrementTick)
    xTaskPriorityDisinherit                  0x00003909   Thumb Code   312  tasks.o(.text.xTaskPriorityDisinherit)
    xTaskPriorityInherit                     0x00003a41   Thumb Code   348  tasks.o(.text.xTaskPriorityInherit)
    xTaskRemoveFromEventList                 0x00003b9d   Thumb Code   396  tasks.o(.text.xTaskRemoveFromEventList)
    xTaskResumeAll                           0x00003d29   Thumb Code   546  tasks.o(.text.xTaskResumeAll)
    xTimerCreateTimerTask                    0x00003f4d   Thumb Code   108  timers.o(.text.xTimerCreateTimerTask)
    GPIODirModeSet                           0x00003fb9   Thumb Code    40  gpio.o(i.GPIODirModeSet)
    GPIOIntClear                             0x00003fe1   Thumb Code     6  gpio.o(i.GPIOIntClear)
    GPIOIntEnable                            0x00003fe7   Thumb Code    12  gpio.o(i.GPIOIntEnable)
    GPIOIntRegister                          0x00003ff3   Thumb Code    26  gpio.o(i.GPIOIntRegister)
    GPIOIntStatus                            0x0000400d   Thumb Code    14  gpio.o(i.GPIOIntStatus)
    GPIOIntTypeSet                           0x0000401b   Thumb Code    80  gpio.o(i.GPIOIntTypeSet)
    GPIOPadConfigSet                         0x0000406d   Thumb Code   354  gpio.o(i.GPIOPadConfigSet)
    GPIOPinRead                              0x000041dd   Thumb Code     6  gpio.o(i.GPIOPinRead)
    GPIOPinTypeGPIOInput                     0x000041e3   Thumb Code    28  gpio.o(i.GPIOPinTypeGPIOInput)
    GPIOPinTypeGPIOOutput                    0x000041ff   Thumb Code    28  gpio.o(i.GPIOPinTypeGPIOOutput)
    GPIOPinWrite                             0x0000421b   Thumb Code     6  gpio.o(i.GPIOPinWrite)
    GPIOUnlockPin                            0x00004221   Thumb Code    18  gpio.o(i.GPIOUnlockPin)
    IntEnable                                0x00004239   Thumb Code    92  interrupt.o(i.IntEnable)
    IntPrioritySet                           0x0000429d   Thumb Code    36  interrupt.o(i.IntPrioritySet)
    IntRegister                              0x000042c5   Thumb Code    44  interrupt.o(i.IntRegister)
    SysCtlPeripheralEnable                   0x000042f9   Thumb Code    36  sysctl.o(i.SysCtlPeripheralEnable)
    SysCtlPeripheralReady                    0x00004321   Thumb Code    40  sysctl.o(i.SysCtlPeripheralReady)
    __scatterload_copy                       0x0000439d   Thumb Code    14  handlers.o(i.__scatterload_copy)
    __scatterload_null                       0x000043ab   Thumb Code     2  handlers.o(i.__scatterload_null)
    __scatterload_zeroinit                   0x000043ad   Thumb Code    14  handlers.o(i.__scatterload_zeroinit)
    uxTopUsedPriority                        0x0000473c   Data           4  tasks.o(.rodata.uxTopUsedPriority)
    Region$$Table$$Base                      0x00004740   Number         0  anon$$obj.o(Region$$Table)
    Region$$Table$$Limit                     0x00004760   Number         0  anon$$obj.o(Region$$Table)
    SystemCoreClock                          0x20000000   Data           4  system_tm4c123.o(.data.SystemCoreClock)
    last_priority                            0x20000004   Data           4  main.o(.data.last_priority)
    motor_dir                                0x20000008   Data           4  main.o(.data.motor_dir)
    pxCurrentTCB                             0x20000678   Data           4  tasks.o(.bss.pxCurrentTCB)
    xMutex_motor                             0x20002788   Data           4  main.o(.bss.xMutex_motor)
    xSemaphore_driver_dn_auto                0x200027b4   Data           4  main.o(.bss.xSemaphore_driver_dn_auto)
    xSemaphore_driver_dn_manu                0x200027b8   Data           4  main.o(.bss.xSemaphore_driver_dn_manu)
    xSemaphore_driver_up_auto                0x200027bc   Data           4  main.o(.bss.xSemaphore_driver_up_auto)
    xSemaphore_driver_up_manu                0x200027c0   Data           4  main.o(.bss.xSemaphore_driver_up_manu)
    xSemaphore_emergency                     0x200027c4   Data           4  main.o(.bss.xSemaphore_emergency)
    xSemaphore_passen_dn_auto                0x200027c8   Data           4  main.o(.bss.xSemaphore_passen_dn_auto)
    xSemaphore_passen_dn_manu                0x200027cc   Data           4  main.o(.bss.xSemaphore_passen_dn_manu)
    xSemaphore_passen_up_auto                0x200027d0   Data           4  main.o(.bss.xSemaphore_passen_up_auto)
    xSemaphore_passen_up_manu                0x200027d4   Data           4  main.o(.bss.xSemaphore_passen_up_manu)
    __initial_sp                             0x20002a10   Data           0  startup_tm4c123.o(STACK)



==============================================================================

Memory Map of the image

  Image Entry point : 0x00000281

  Load Region LR_IROM1 (Base: 0x00000000, Size: 0x00004e70, Max: 0x00040000, ABSOLUTE, COMPRESSED[0x00004820])

    Execution Region ER_IROM1 (Exec base: 0x00000000, Load base: 0x00000000, Size: 0x00004760, Max: 0x00040000, ABSOLUTE)

    Exec Addr    Load Addr    Size         Type   Attr      Idx    E Section Name        Object

    0x00000000   0x00000000   0x0000026c   Data   RO           60    RESET               startup_tm4c123.o
    0x0000026c   0x0000026c   0x00000000   Code   RO         1243  * .ARM.Collect$$$$00000000  mc_w.l(entry.o)
    0x0000026c   0x0000026c   0x00000004   Code   RO         1252    .ARM.Collect$$$$00000001  mc_w.l(entry2.o)
    0x00000270   0x00000270   0x00000004   Code   RO         1255    .ARM.Collect$$$$00000004  mc_w.l(entry5.o)
    0x00000274   0x00000274   0x00000000   Code   RO         1257    .ARM.Collect$$$$00000008  mc_w.l(entry7b.o)
    0x00000274   0x00000274   0x00000000   Code   RO         1259    .ARM.Collect$$$$0000000A  mc_w.l(entry8b.o)
    0x00000274   0x00000274   0x00000008   Code   RO         1260    .ARM.Collect$$$$0000000B  mc_w.l(entry9a.o)
    0x0000027c   0x0000027c   0x00000000   Code   RO         1262    .ARM.Collect$$$$0000000D  mc_w.l(entry10a.o)
    0x0000027c   0x0000027c   0x00000000   Code   RO         1264    .ARM.Collect$$$$0000000F  mc_w.l(entry11a.o)
    0x0000027c   0x0000027c   0x00000004   Code   RO         1253    .ARM.Collect$$$$00002712  mc_w.l(entry2.o)
    0x00000280   0x00000280   0x000000fc   Code   RO           61  * .text               startup_tm4c123.o
    0x0000037c   0x0000037c   0x00000024   Code   RO         1246    .text               mc_w.l(memcpya.o)
    0x000003a0   0x000003a0   0x00000024   Code   RO         1248    .text               mc_w.l(memseta.o)
    0x000003c4   0x000003c4   0x00000024   Code   RO         1266    .text               mc_w.l(init.o)
    0x000003e8   0x000003e8   0x0000003a   Code   RO         1276    .text               mc_w.l(__dczerorl.o)
    0x00000422   0x00000422   0x00000002   PAD
    0x00000424   0x00000424   0x0000019c   Code   RO           10    .text.B_Handeler    main.o
    0x000005c0   0x000005c0   0x00000064   Code   RO          120    .text.PendSV_Handler  port.o
    0x00000624   0x00000624   0x0000000c   PAD
    0x00000630   0x00000630   0x00000024   Code   RO          104    .text.SVC_Handler   port.o
    0x00000654   0x00000654   0x0000003c   Code   RO          122    .text.SysTick_Handler  port.o
    0x00000690   0x00000690   0x0000010c   Code   RO           72    .text.SystemInit    system_tm4c123.o
    0x0000079c   0x0000079c   0x0000003e   Code   RO            2    .text.delay_ms      main.o
    0x000007da   0x000007da   0x00000002   PAD
    0x000007dc   0x000007dc   0x000000ce   Code   RO           16    .text.driver_dn_auto  main.o
    0x000008aa   0x000008aa   0x00000002   PAD
    0x000008ac   0x000008ac   0x000000e8   Code   RO           18    .text.driver_dn_manu  main.o
    0x00000994   0x00000994   0x00000112   Code   RO           12    .text.driver_up_auto  main.o
    0x00000aa6   0x00000aa6   0x00000002   PAD
    0x00000aa8   0x00000aa8   0x0000012c   Code   RO           14    .text.driver_up_manu  main.o
    0x00000bd4   0x00000bd4   0x0000009c   Code   RO           28    .text.emergency     main.o
    0x00000c70   0x00000c70   0x0000001e   Code   RO           30    .text.idle          main.o
    0x00000c8e   0x00000c8e   0x00000002   PAD
    0x00000c90   0x00000c90   0x0000024c   Code   RO           32    .text.main          main.o
    0x00000edc   0x00000edc   0x00000020   Code   RO            6    .text.motor_dn      main.o
    0x00000efc   0x00000efc   0x00000020   Code   RO            8    .text.motor_stp     main.o
    0x00000f1c   0x00000f1c   0x00000020   Code   RO            4    .text.motor_up      main.o
    0x00000f3c   0x00000f3c   0x000000ce   Code   RO           24    .text.passen_dn_auto  main.o
    0x0000100a   0x0000100a   0x00000002   PAD
    0x0000100c   0x0000100c   0x000000e8   Code   RO           26    .text.passen_dn_manu  main.o
    0x000010f4   0x000010f4   0x00000112   Code   RO           20    .text.passen_up_auto  main.o
    0x00001206   0x00001206   0x00000002   PAD
    0x00001208   0x00001208   0x0000012c   Code   RO           22    .text.passen_up_manu  main.o
    0x00001334   0x00001334   0x00000078   Code   RO           34    .text.portB_init    main.o
    0x000013ac   0x000013ac   0x00000040   Code   RO           36    .text.portF_init    main.o
    0x000013ec   0x000013ec   0x0000011a   Code   RO          247    .text.prvAddCurrentTaskToDelayedList  tasks.o
    0x00001506   0x00001506   0x00000002   PAD
    0x00001508   0x00001508   0x0000014e   Code   RO          235    .text.prvAddNewTaskToReadyList  tasks.o
    0x00001656   0x00001656   0x00000002   PAD
    0x00001658   0x00001658   0x0000006a   Code   RO          371    .text.prvCheckForValidListAndQueue  timers.o
    0x000016c2   0x000016c2   0x00000002   PAD
    0x000016c4   0x000016c4   0x0000005a   Code   RO          337    .text.prvCheckTasksWaitingTermination  tasks.o
    0x0000171e   0x0000171e   0x00000002   PAD
    0x00001720   0x00001720   0x00000042   Code   RO          188    .text.prvCopyDataFromQueue  queue.o
    0x00001762   0x00001762   0x00000002   PAD
    0x00001764   0x00001764   0x000000cc   Code   RO          174    .text.prvCopyDataToQueue  queue.o
    0x00001830   0x00001830   0x00000018   Code   RO          241    .text.prvDeleteTCB  tasks.o
    0x00001848   0x00001848   0x00000026   Code   RO          192    .text.prvGetDisinheritPriorityAfterTimeout  queue.o
    0x0000186e   0x0000186e   0x00000002   PAD
    0x00001870   0x00001870   0x00000040   Code   RO          401    .text.prvGetNextExpireTime  timers.o
    0x000018b0   0x000018b0   0x00000038   Code   RO          273    .text.prvIdleTask   tasks.o
    0x000018e8   0x000018e8   0x0000002c   Code   RO          162    .text.prvInitialiseMutex  queue.o
    0x00001914   0x00001914   0x00000044   Code   RO          158    .text.prvInitialiseNewQueue  queue.o
    0x00001958   0x00001958   0x00000116   Code   RO          233    .text.prvInitialiseNewTask  tasks.o
    0x00001a6e   0x00001a6e   0x00000002   PAD
    0x00001a70   0x00001a70   0x0000008e   Code   RO          335    .text.prvInitialiseTaskLists  tasks.o
    0x00001afe   0x00001afe   0x00000002   PAD
    0x00001b00   0x00001b00   0x00000086   Code   RO          415    .text.prvInsertTimerInActiveList  timers.o
    0x00001b86   0x00001b86   0x00000002   PAD
    0x00001b88   0x00001b88   0x00000028   Code   RO          190    .text.prvIsQueueEmpty  queue.o
    0x00001bb0   0x00001bb0   0x0000002e   Code   RO          178    .text.prvIsQueueFull  queue.o
    0x00001bde   0x00001bde   0x00000002   PAD
    0x00001be0   0x00001be0   0x000000ec   Code   RO          176    .text.prvNotifyQueueSetContainer  queue.o
    0x00001ccc   0x00001ccc   0x00000028   Code   RO          112    .text.prvPortStartFirstTask  port.o
    0x00001cf4   0x00001cf4   0x00000054   Code   RO          409    .text.prvProcessExpiredTimer  timers.o
    0x00001d48   0x00001d48   0x00000146   Code   RO          405    .text.prvProcessReceivedCommands  timers.o
    0x00001e8e   0x00001e8e   0x00000002   PAD
    0x00001e90   0x00001e90   0x0000009a   Code   RO          403    .text.prvProcessTimerOrBlockTask  timers.o
    0x00001f2a   0x00001f2a   0x00000002   PAD
    0x00001f2c   0x00001f2c   0x00000034   Code   RO          413    .text.prvReloadTimer  timers.o
    0x00001f60   0x00001f60   0x0000003c   Code   RO          239    .text.prvResetNextTaskUnblockTime  tasks.o
    0x00001f9c   0x00001f9c   0x00000044   Code   RO          407    .text.prvSampleTimeNow  timers.o
    0x00001fe0   0x00001fe0   0x00000052   Code   RO          411    .text.prvSwitchTimerLists  timers.o
    0x00002032   0x00002032   0x00000002   PAD
    0x00002034   0x00002034   0x0000004c   Code   RO          102    .text.prvTaskExitError  port.o
    0x00002080   0x00002080   0x0000001e   Code   RO          373    .text.prvTimerTask  timers.o
    0x0000209e   0x0000209e   0x00000002   PAD
    0x000020a0   0x000020a0   0x000000cc   Code   RO          180    .text.prvUnlockQueue  queue.o
    0x0000216c   0x0000216c   0x000000c0   Code   RO          136    .text.pvPortMalloc  heap_1.o
    0x0000222c   0x0000222c   0x0000002c   Code   RO          319    .text.pvTaskIncrementMutexHeldCount  tasks.o
    0x00002258   0x00002258   0x0000005e   Code   RO          100    .text.pxPortInitialiseStack  port.o
    0x000022b6   0x000022b6   0x00000002   PAD
    0x000022b8   0x000022b8   0x00000048   Code   RO           91    .text.uxListRemove  list.o
    0x00002300   0x00002300   0x0000000c   Code   RO          283    .text.uxTaskGetNumberOfTasks  tasks.o
    0x0000230c   0x0000230c   0x0000002e   Code   RO           83    .text.vListInitialise  list.o
    0x0000233a   0x0000233a   0x00000002   PAD
    0x0000233c   0x0000233c   0x0000000e   Code   RO           85    .text.vListInitialiseItem  list.o
    0x0000234a   0x0000234a   0x00000002   PAD
    0x0000234c   0x0000234c   0x0000006a   Code   RO           89    .text.vListInsert   list.o
    0x000023b6   0x000023b6   0x00000002   PAD
    0x000023b8   0x000023b8   0x00000014   Code   RO          110    .text.vPortEnableVFP  port.o
    0x000023cc   0x000023cc   0x00000056   Code   RO          116    .text.vPortEnterCritical  port.o
    0x00002422   0x00002422   0x00000002   PAD
    0x00002424   0x00002424   0x0000004a   Code   RO          118    .text.vPortExitCritical  port.o
    0x0000246e   0x0000246e   0x00000002   PAD
    0x00002470   0x00002470   0x00000024   Code   RO          138    .text.vPortFree     heap_1.o
    0x00002494   0x00002494   0x00000044   Code   RO          108    .text.vPortSetupTimerInterrupt  port.o
    0x000024d8   0x000024d8   0x00000084   Code   RO          124    .text.vPortValidateInterruptPriority  port.o
    0x0000255c   0x0000255c   0x00000064   Code   RO          212    .text.vQueueWaitForMessageRestricted  queue.o
    0x000025c0   0x000025c0   0x00000024   Code   RO          301    .text.vTaskInternalSetTimeOutState  tasks.o
    0x000025e4   0x000025e4   0x0000000e   Code   RO          305    .text.vTaskMissedYield  tasks.o
    0x000025f2   0x000025f2   0x00000002   PAD
    0x000025f4   0x000025f4   0x00000042   Code   RO          289    .text.vTaskPlaceOnEventList  tasks.o
    0x00002636   0x00002636   0x00000002   PAD
    0x00002638   0x00002638   0x0000007c   Code   RO          293    .text.vTaskPlaceOnEventListRestricted  tasks.o
    0x000026b4   0x000026b4   0x00000182   Code   RO          315    .text.vTaskPriorityDisinheritAfterTimeout  tasks.o
    0x00002836   0x00002836   0x00000002   PAD
    0x00002838   0x00002838   0x000000b2   Code   RO          271    .text.vTaskStartScheduler  tasks.o
    0x000028ea   0x000028ea   0x00000002   PAD
    0x000028ec   0x000028ec   0x00000010   Code   RO          245    .text.vTaskSuspendAll  tasks.o
    0x000028fc   0x000028fc   0x000000be   Code   RO          263    .text.vTaskSwitchContext  tasks.o
    0x000029ba   0x000029ba   0x00000002   PAD
    0x000029bc   0x000029bc   0x0000017c   Code   RO          106    .text.xPortStartScheduler  port.o
    0x00002b38   0x00002b38   0x00000026   Code   RO          160    .text.xQueueCreateMutex  queue.o
    0x00002b5e   0x00002b5e   0x00000002   PAD
    0x00002b60   0x00002b60   0x0000009a   Code   RO          156    .text.xQueueGenericCreate  queue.o
    0x00002bfa   0x00002bfa   0x00000002   PAD
    0x00002bfc   0x00002bfc   0x00000108   Code   RO          154    .text.xQueueGenericReset  queue.o
    0x00002d04   0x00002d04   0x00000274   Code   RO          166    .text.xQueueGenericSend  queue.o
    0x00002f78   0x00002f78   0x00000182   Code   RO          184    .text.xQueueGiveFromISR  queue.o
    0x000030fa   0x000030fa   0x00000002   PAD
    0x000030fc   0x000030fc   0x000001dc   Code   RO          186    .text.xQueueReceive  queue.o
    0x000032d8   0x000032d8   0x00000210   Code   RO          170    .text.xQueueSemaphoreTake  queue.o
    0x000034e8   0x000034e8   0x000000d2   Code   RO          303    .text.xTaskCheckForTimeOut  tasks.o
    0x000035ba   0x000035ba   0x00000002   PAD
    0x000035bc   0x000035bc   0x000000a0   Code   RO          231    .text.xTaskCreate   tasks.o
    0x0000365c   0x0000365c   0x00000038   Code   RO          309    .text.xTaskGetSchedulerState  tasks.o
    0x00003694   0x00003694   0x00000014   Code   RO          279    .text.xTaskGetTickCount  tasks.o
    0x000036a8   0x000036a8   0x00000260   Code   RO          277    .text.xTaskIncrementTick  tasks.o
    0x00003908   0x00003908   0x00000138   Code   RO          313    .text.xTaskPriorityDisinherit  tasks.o
    0x00003a40   0x00003a40   0x0000015c   Code   RO          311    .text.xTaskPriorityInherit  tasks.o
    0x00003b9c   0x00003b9c   0x0000018c   Code   RO          295    .text.xTaskRemoveFromEventList  tasks.o
    0x00003d28   0x00003d28   0x00000222   Code   RO          249    .text.xTaskResumeAll  tasks.o
    0x00003f4a   0x00003f4a   0x00000002   PAD
    0x00003f4c   0x00003f4c   0x0000006c   Code   RO          369    .text.xTimerCreateTimerTask  timers.o
    0x00003fb8   0x00003fb8   0x00000028   Code   RO          436    i.GPIODirModeSet    driverlib.lib(gpio.o)
    0x00003fe0   0x00003fe0   0x00000006   Code   RO          437    i.GPIOIntClear      driverlib.lib(gpio.o)
    0x00003fe6   0x00003fe6   0x0000000c   Code   RO          439    i.GPIOIntEnable     driverlib.lib(gpio.o)
    0x00003ff2   0x00003ff2   0x0000001a   Code   RO          440    i.GPIOIntRegister   driverlib.lib(gpio.o)
    0x0000400c   0x0000400c   0x0000000e   Code   RO          442    i.GPIOIntStatus     driverlib.lib(gpio.o)
    0x0000401a   0x0000401a   0x00000050   Code   RO          444    i.GPIOIntTypeSet    driverlib.lib(gpio.o)
    0x0000406a   0x0000406a   0x00000002   PAD
    0x0000406c   0x0000406c   0x00000170   Code   RO          448    i.GPIOPadConfigSet  driverlib.lib(gpio.o)
    0x000041dc   0x000041dc   0x00000006   Code   RO          450    i.GPIOPinRead       driverlib.lib(gpio.o)
    0x000041e2   0x000041e2   0x0000001c   Code   RO          459    i.GPIOPinTypeGPIOInput  driverlib.lib(gpio.o)
    0x000041fe   0x000041fe   0x0000001c   Code   RO          460    i.GPIOPinTypeGPIOOutput  driverlib.lib(gpio.o)
    0x0000421a   0x0000421a   0x00000006   Code   RO          478    i.GPIOPinWrite      driverlib.lib(gpio.o)
    0x00004220   0x00004220   0x00000018   Code   RO          479    i.GPIOUnlockPin     driverlib.lib(gpio.o)
    0x00004238   0x00004238   0x00000064   Code   RO          770    i.IntEnable         driverlib.lib(interrupt.o)
    0x0000429c   0x0000429c   0x00000028   Code   RO          781    i.IntPrioritySet    driverlib.lib(interrupt.o)
    0x000042c4   0x000042c4   0x00000034   Code   RO          782    i.IntRegister       driverlib.lib(interrupt.o)
    0x000042f8   0x000042f8   0x00000028   Code   RO          919    i.SysCtlPeripheralEnable  driverlib.lib(sysctl.o)
    0x00004320   0x00004320   0x0000002c   Code   RO          923    i.SysCtlPeripheralReady  driverlib.lib(sysctl.o)
    0x0000434c   0x0000434c   0x00000050   Code   RO          480    i._GPIOIntNumberGet  driverlib.lib(gpio.o)
    0x0000439c   0x0000439c   0x0000000e   Code   RO         1270    i.__scatterload_copy  mc_w.l(handlers.o)
    0x000043aa   0x000043aa   0x00000002   Code   RO         1271    i.__scatterload_null  mc_w.l(handlers.o)
    0x000043ac   0x000043ac   0x0000000e   Code   RO         1272    i.__scatterload_zeroinit  mc_w.l(handlers.o)
    0x000043ba   0x000043ba   0x00000002   PAD
    0x000043bc   0x000043bc   0x00000228   Data   RO          481    .constdata          driverlib.lib(gpio.o)
    0x000045e4   0x000045e4   0x0000010c   Data   RO          786    .constdata          driverlib.lib(interrupt.o)
    0x000046f0   0x000046f0   0x0000003d   Data   RO           50    .rodata.str1.1      main.o
    0x0000472d   0x0000472d   0x00000005   Data   RO          355    .rodata.str1.1      tasks.o
    0x00004732   0x00004732   0x00000008   Data   RO          418    .rodata.str1.1      timers.o
    0x0000473a   0x0000473a   0x00000002   PAD
    0x0000473c   0x0000473c   0x00000004   Data   RO          340    .rodata.uxTopUsedPriority  tasks.o
    0x00004740   0x00004740   0x00000020   Data   RO         1269    Region$$Table       anon$$obj.o


    Execution Region RW_IRAM1 (Exec base: 0x20000000, Load base: 0x00004800, Size: 0x00002a10, Max: 0x00008000, ABSOLUTE, COMPRESSED[0x00000020])

    Exec Addr    Load Addr    Size         Type   Attr      Idx    E Section Name        Object

    0x20000000   COMPRESSED   0x00000004   Data   RW           74    .data.SystemCoreClock  system_tm4c123.o
    0x20000004   COMPRESSED   0x00000004   Data   RW           38    .data.last_priority  main.o
    0x20000008   COMPRESSED   0x00000004   Data   RW           39    .data.motor_dir     main.o
    0x2000000c   COMPRESSED   0x00000004   Data   RW          128    .data.uxCriticalNesting  port.o
    0x20000010   COMPRESSED   0x000003f0   PAD
    0x20000400   COMPRESSED   0x0000026c   Data   RW          787    vtable              driverlib.lib(interrupt.o)
    0x2000066c   COMPRESSED   0x00000004   PAD
    0x20000670        -       0x00000004   Zero   RW          422    .bss.prvSampleTimeNow.xLastTime  timers.o
    0x20000674        -       0x00000004   Zero   RW          144    .bss.pvPortMalloc.pucAlignedHeap  heap_1.o
    0x20000678        -       0x00000004   Zero   RW          339    .bss.pxCurrentTCB   tasks.o
    0x2000067c        -       0x00000004   Zero   RW          420    .bss.pxCurrentTimerList  timers.o
    0x20000680        -       0x00000004   Zero   RW          350    .bss.pxDelayedTaskList  tasks.o
    0x20000684        -       0x00000004   Zero   RW          351    .bss.pxOverflowDelayedTaskList  tasks.o
    0x20000688        -       0x00000004   Zero   RW          421    .bss.pxOverflowTimerList  timers.o
    0x2000068c        -       0x0000008c   Zero   RW          341    .bss.pxReadyTasksLists  tasks.o
    0x20000718        -       0x00002000   Zero   RW          145    .bss.ucHeap         heap_1.o
    0x20002718        -       0x00000001   Zero   RW          126    .bss.ucMaxSysCallPriority  port.o
    0x20002719   COMPRESSED   0x00000003   PAD
    0x2000271c        -       0x00000004   Zero   RW          127    .bss.ulMaxPRIGROUPValue  port.o
    0x20002720        -       0x00000004   Zero   RW          346    .bss.uxCurrentNumberOfTasks  tasks.o
    0x20002724        -       0x00000004   Zero   RW          345    .bss.uxDeletedTasksWaitingCleanUp  tasks.o
    0x20002728        -       0x00000004   Zero   RW          348    .bss.uxSchedulerSuspended  tasks.o
    0x2000272c        -       0x00000004   Zero   RW          343    .bss.uxTaskNumber   tasks.o
    0x20002730        -       0x00000004   Zero   RW          342    .bss.uxTopReadyPriority  tasks.o
    0x20002734        -       0x00000014   Zero   RW          423    .bss.xActiveTimerList1  timers.o
    0x20002748        -       0x00000014   Zero   RW          424    .bss.xActiveTimerList2  timers.o
    0x2000275c        -       0x00000014   Zero   RW          360    .bss.xDelayedTaskList1  tasks.o
    0x20002770        -       0x00000014   Zero   RW          361    .bss.xDelayedTaskList2  tasks.o
    0x20002784        -       0x00000004   Zero   RW          356    .bss.xIdleTaskHandle  tasks.o
    0x20002788        -       0x00000004   Zero   RW           48    .bss.xMutex_motor   main.o
    0x2000278c        -       0x00000004   Zero   RW          146    .bss.xNextFreeByte  heap_1.o
    0x20002790        -       0x00000004   Zero   RW          357    .bss.xNextTaskUnblockTime  tasks.o
    0x20002794        -       0x00000004   Zero   RW          359    .bss.xNumOfOverflows  tasks.o
    0x20002798        -       0x00000004   Zero   RW          358    .bss.xPendedTicks   tasks.o
    0x2000279c        -       0x00000014   Zero   RW          354    .bss.xPendingReadyList  tasks.o
    0x200027b0        -       0x00000004   Zero   RW          347    .bss.xSchedulerRunning  tasks.o
    0x200027b4        -       0x00000004   Zero   RW           43    .bss.xSemaphore_driver_dn_auto  main.o
    0x200027b8        -       0x00000004   Zero   RW           42    .bss.xSemaphore_driver_dn_manu  main.o
    0x200027bc        -       0x00000004   Zero   RW           41    .bss.xSemaphore_driver_up_auto  main.o
    0x200027c0        -       0x00000004   Zero   RW           40    .bss.xSemaphore_driver_up_manu  main.o
    0x200027c4        -       0x00000004   Zero   RW           49    .bss.xSemaphore_emergency  main.o
    0x200027c8        -       0x00000004   Zero   RW           47    .bss.xSemaphore_passen_dn_auto  main.o
    0x200027cc        -       0x00000004   Zero   RW           46    .bss.xSemaphore_passen_dn_manu  main.o
    0x200027d0        -       0x00000004   Zero   RW           45    .bss.xSemaphore_passen_up_auto  main.o
    0x200027d4        -       0x00000004   Zero   RW           44    .bss.xSemaphore_passen_up_manu  main.o
    0x200027d8        -       0x00000014   Zero   RW          352    .bss.xSuspendedTaskList  tasks.o
    0x200027ec        -       0x00000014   Zero   RW          344    .bss.xTasksWaitingTermination  tasks.o
    0x20002800        -       0x00000004   Zero   RW          349    .bss.xTickCount     tasks.o
    0x20002804        -       0x00000004   Zero   RW          417    .bss.xTimerQueue    timers.o
    0x20002808        -       0x00000004   Zero   RW          419    .bss.xTimerTaskHandle  timers.o
    0x2000280c        -       0x00000004   Zero   RW          353    .bss.xYieldPending  tasks.o
    0x20002810        -       0x00000200   Zero   RW           58    STACK               startup_tm4c123.o


==============================================================================

Image component sizes


      Code (inc. data)   RO Data    RW Data    ZI Data      Debug   Object Name

       228          0          0          0       8200       1730   heap_1.o
       238          0          0          0          0       2321   list.o
      3552         30         61          8         40       5417   main.o
      1166         16          0          4          5       3961   port.o
      3520          0          0          0          0      16045   queue.o
       252         10        620          0        512       5452   startup_tm4c123.o
       268          0          0          4          0       6733   system_tm4c123.o
      4988          0          9          0        300      22202   tasks.o
      1208         10          8          0         60       8391   timers.o

    ----------------------------------------------------------------------
     15504         78        732       1024       9120      72252   Object Totals
         0          0         32          0          0          0   (incl. Generated)
        84         12          2       1008          3          0   (incl. Padding)

    ----------------------------------------------------------------------

      Code (inc. data)   RO Data    RW Data    ZI Data      Debug   Library Member Name

       718         38        552          0          0      12762   gpio.o
       192         20        268        620          0       2679   interrupt.o
        84          8          0          0          0       1021   sysctl.o
        58          0          0          0          0          0   __dczerorl.o
         0          0          0          0          0          0   entry.o
         0          0          0          0          0          0   entry10a.o
         0          0          0          0          0          0   entry11a.o
         8          4          0          0          0          0   entry2.o
         4          0          0          0          0          0   entry5.o
         0          0          0          0          0          0   entry7b.o
         0          0          0          0          0          0   entry8b.o
         8          4          0          0          0          0   entry9a.o
        30          0          0          0          0          0   handlers.o
        36          8          0          0          0         68   init.o
        36          0          0          0          0         68   memcpya.o
        36          0          0          0          0        108   memseta.o

    ----------------------------------------------------------------------
      1216         82        820        620          4      16706   Library Totals
         6          0          0          0          4          0   (incl. Padding)

    ----------------------------------------------------------------------

      Code (inc. data)   RO Data    RW Data    ZI Data      Debug   Library Name

       994         66        820        620          0      16462   driverlib.lib
       216         16          0          0          0        244   mc_w.l

    ----------------------------------------------------------------------
      1216         82        820        620          4      16706   Library Totals

    ----------------------------------------------------------------------

==============================================================================


      Code (inc. data)   RO Data    RW Data    ZI Data      Debug   

     16720        160       1552       1644       9124      87750   Grand Totals
     16720        160       1552         32       9124      87750   ELF Image Totals (compressed)
     16720        160       1552         32          0          0   ROM Totals

==============================================================================

    Total RO  Size (Code + RO Data)                18272 (  17.84kB)
    Total RW  Size (RW Data + ZI Data)             10768 (  10.52kB)
    Total ROM Size (Code + RO Data + RW Data)      18304 (  17.88kB)

==============================================================================

